dbus-daemon[10]: [session uid=0 pid=10] Activating service name='ca.desrt.dconf' requested by ':1.0' (uid=0 pid=32 comm="gsettings set org.gnome.desktop.interface toolkit-")
dbus-daemon[10]: [session uid=0 pid=10] Successfully activated service 'ca.desrt.dconf'
dbus-daemon[10]: [session uid=0 pid=10] Activating service name='org.a11y.Bus' requested by ':1.2' (uid=0 pid=52 comm="xfce4-panel --disable-wm-check")
dbus-daemon[10]: [session uid=0 pid=10] Successfully activated service 'org.a11y.Bus'
dbus-daemon[61]: Activating service name='org.a11y.atspi.Registry' requested by ':1.0' (uid=0 pid=52 comm="xfce4-panel --disable-wm-check")
dbus-daemon[10]: [session uid=0 pid=10] Activating service name='org.xfce.Xfconf' requested by ':1.4' (uid=0 pid=52 comm="xfce4-panel --disable-wm-check")
dbus-daemon[61]: Successfully activated service 'org.a11y.atspi.Registry'
SpiRegistry daemon is running with well-known name - org.a11y.atspi.Registry
dbus-daemon[10]: [session uid=0 pid=10] Successfully activated service 'org.xfce.Xfconf'
PASS startup refusals
CLICK 'Dismiss tutorial' at 791,73 26x26
PASS native welcome and tutorial dismissal
PASS native drawing and pointer interception
UNDO PROBE after 0s: 12077 pixels
UNDO PROBE after 0.5s: 0 pixels
UNDO PROBE after 1s: 0 pixels
UNDO PROBE after 2s: 0 pixels
PASS undo
PASS toolbar stacking and click-through
TOOLBAR at 536,1432 1488x152
CLICK 'Clear this display' at 934,737 32x34
PASS clear
PASS capture excludes overlay and retains clipboard ownership
PASS annotated second copy replaces clipboard
TRAY at 1142,0 26x26
CLICK 'Open at login' at 1208,531 34x20
CLICK 'Close settings' at 1229,199 26x26
TRAY at 1142,0 26x26
CLICK 'Open at login' at 1208,531 34x20
CLICK 'Close settings' at 1229,199 26x26
TRAY at 1142,0 26x26
CLICK 'Close settings' at 1229,199 26x26
PASS tray Settings and autostart registration
dbus-run-session: ignoring unknown child process 129
dbus-run-session: ignoring unknown child process 125
dbus-run-session: ignoring unknown child process 140
dbus-run-session: ignoring unknown child process 142
dbus-run-session: ignoring unknown child process 141
dbus-run-session: ignoring unknown child process 139
dbus-run-session: ignoring unknown child process 92
dbus-run-session: ignoring unknown child process 87
