    Updating crates.io index
 Downloading crates ...
  Downloaded annotate-snippets v0.11.5
  Downloaded async-trait v0.1.92
  Downloaded alloc-no-stdlib v3.0.0
  Downloaded async-channel v2.5.0
  Downloaded anstyle v1.0.14
  Downloaded async-broadcast v0.7.2
  Downloaded event-listener v5.4.2
  Downloaded cpufeatures v0.2.17
  Downloaded errno v0.3.14
  Downloaded byteorder-lite v0.1.0
  Downloaded endi v1.1.1
  Downloaded adler2 v2.0.1
  Downloaded anyhow v1.0.104
  Downloaded cssparser-macros v0.7.1
  Downloaded futures-macro v0.3.34
  Downloaded async-recursion v1.1.1
  Downloaded generic-array v0.14.7
  Downloaded dlopen2_derive v0.4.3
  Downloaded fdeflate v0.3.7
  Downloaded enumflags2_derive v0.7.12
  Downloaded defmt-parser v1.0.0
  Downloaded block-buffer v0.10.4
  Downloaded dunce v1.0.5
  Downloaded gl v0.14.0
  Downloaded dirs-sys v0.5.0
  Downloaded gdkx11-sys v0.18.2
  Downloaded bytemuck_derive v1.12.1
  Downloaded fnv v1.0.7
  Downloaded concurrent-queue v2.5.0
  Downloaded atk-sys v0.18.2
  Downloaded arboard v3.6.1
  Downloaded libspa-sys v0.10.1
  Downloaded gdk-pixbuf-sys v0.18.0
  Downloaded event-listener-strategy v0.5.4
  Downloaded javascriptcore-rs-sys v1.1.1
  Downloaded http-body v1.1.0
  Downloaded gbm v0.18.0
  Downloaded futures-sink v0.3.34
  Downloaded byteorder v1.5.0
  Downloaded bitflags v1.3.2
  Downloaded is-wsl v0.4.0
  Downloaded is-docker v0.2.0
  Downloaded flate2 v1.1.10
  Downloaded gdkx11 v0.18.2
  Downloaded autocfg v1.5.1
  Downloaded async-executor v1.14.0
  Downloaded cairo-sys-rs v0.18.2
  Downloaded gbm-sys v0.4.0
  Downloaded libwayshot-xcap v0.3.3
  Downloaded libloading v0.8.9
  Downloaded gethostname v1.1.0
  Downloaded lock_api v0.4.14
  Downloaded futures-core v0.3.34
  Downloaded libspa v0.10.1
  Downloaded memmap2 v0.9.11
  Downloaded libappindicator-sys v0.9.0
  Downloaded cfb v0.14.0
  Downloaded memoffset v0.9.1
  Downloaded log v0.4.34
  Downloaded num_threads v0.1.7
  Downloaded num-conv v0.2.2
  Downloaded new_debug_unreachable v1.0.6
  Downloaded mime v0.3.17
  Downloaded derive_more v2.1.1
  Downloaded pango-sys v0.18.0
  Downloaded proc-macro-crate v1.3.1
  Downloaded percent-encoding v2.3.2
  Downloaded heck v0.5.0
  Downloaded phf_codegen v0.13.1
  Downloaded once_cell v1.21.4
  Downloaded proc-macro-crate v2.0.2
  Downloaded field-offset v0.3.6
  Downloaded precomputed-hash v0.1.1
  Downloaded powerfmt v0.2.0
  Downloaded pango v0.18.3
  Downloaded piper v0.2.5
  Downloaded futures-io v0.3.34
  Downloaded phf_macros v0.13.1
  Downloaded phf_generator v0.13.1
  Downloaded memchr v2.8.3
  Downloaded parking_lot_core v0.9.12
  Downloaded polling v3.11.0
  Downloaded foldhash v0.2.0
  Downloaded find-msvc-tools v0.1.14
  Downloaded plist v1.10.1
  Downloaded parking v2.2.1
  Downloaded brotli-decompressor v6.0.1
  Downloaded potential_utf v0.1.6
  Downloaded openssl-probe v0.2.1
  Downloaded parking_lot v0.12.5
  Downloaded itoa v1.0.18
  Downloaded quick-error v2.0.1
  Downloaded scoped-tls v1.0.1
  Downloaded same-file v1.0.6
  Downloaded rustc_version v0.4.1
  Downloaded rand_core v0.10.1
  Downloaded futures-task v0.3.34
  Downloaded serde_repr v0.1.21
  Downloaded scopeguard v1.2.0
  Downloaded serde_spanned v1.1.1
  Downloaded rustls-native-certs v0.8.4
  Downloaded miniz_oxide v0.9.1
  Downloaded serde-untagged v0.1.9
  Downloaded schemars_derive v0.8.22
  Downloaded strsim v0.11.1
  Downloaded json-patch v4.2.0
  Downloaded stable_deref_trait v1.2.1
  Downloaded raw-window-handle v0.6.2
  Downloaded miniz_oxide v0.8.9
  Downloaded siphasher v1.0.4
  Downloaded sync_wrapper v1.0.2
  Downloaded string_cache_codegen v0.6.1
  Downloaded hyper-rustls v0.27.10
  Downloaded http-body-util v0.1.5
  Downloaded minimal-lexical v0.2.1
  Downloaded synstructure v0.14.0
  Downloaded ipnet v2.12.2
  Downloaded rustls-pki-types v1.15.1
  Downloaded fastrand v2.5.0
  Downloaded string_cache v0.9.0
  Downloaded system-deps v6.2.2
  Downloaded serialize-to-javascript v0.1.2
  Downloaded slab v0.4.12
  Downloaded serde_core v1.0.229
  Downloaded gobject-sys v0.18.0
  Downloaded schemars v0.8.22
  Downloaded subtle v2.6.1
  Downloaded serde_derive v1.0.229
  Downloaded soup3 v0.5.0
  Downloaded system-deps v7.0.8
  Downloaded time-core v0.1.9
  Downloaded proc-macro-error v1.0.4
  Downloaded quote v1.0.47
  Downloaded tauri-plugin v2.7.0
  Downloaded target-lexicon v0.12.16
  Downloaded nom v7.1.3
  Downloaded selectors v0.38.0
  Downloaded rustls-platform-verifier v0.7.1
  Downloaded pkg-config v0.3.34
  Downloaded phf_shared v0.13.1
  Downloaded markup5ever v0.39.0
  Downloaded thiserror-impl v2.0.21
  Downloaded thiserror v2.0.21
  Downloaded tauri-plugin-single-instance v2.5.2
  Downloaded erased-serde v0.4.10
  Downloaded tauri-plugin-global-shortcut v2.4.0
  Downloaded tower-service v0.3.3
  Downloaded png v0.17.16
  Downloaded tinystr v0.8.4
  Downloaded tauri-runtime v2.12.0
  Downloaded keyboard-types v0.7.0
  Downloaded utf8_iter v1.0.4
  Downloaded typeid v1.0.3
  Downloaded tendril v0.5.1
  Downloaded tempfile v3.27.0
  Downloaded httparse v1.10.1
  Downloaded tauri-plugin-opener v2.7.0
  Downloaded toml_datetime v0.6.3
  Downloaded time-macros v0.2.32
  Downloaded litemap v0.8.3
  Downloaded schemars v1.2.2
  Downloaded want v0.3.1
  Downloaded version_check v0.9.5
  Downloaded version-compare v0.2.1
  Downloaded untrusted v0.9.0
  Downloaded walkdir v2.5.0
  Downloaded webkit2gtk-sys v2.0.2
  Downloaded wayland-protocols-wlr v0.3.12
  Downloaded tauri-winres v0.3.6
  Downloaded yoke-derive v0.8.3
  Downloaded open v5.4.4
  Downloaded try-lock v0.2.5
  Downloaded tokio-rustls v0.26.6
  Downloaded wayland-sys v0.31.11
  Downloaded toml_parser v1.1.3+spec-1.1.0
  Downloaded tauri-runtime-wry v2.12.0
  Downloaded xattr v1.6.1
  Downloaded writeable v0.6.4
  Downloaded glib-macros v0.18.5
  Downloaded getrandom v0.4.3
  Downloaded moxcms v0.8.1
  Downloaded zbus_names v4.3.4
  Downloaded urlpattern v0.6.0
  Downloaded unicode-ident v1.0.26
  Downloaded tray-icon v0.25.1
  Downloaded zvariant_derive v5.15.0
  Downloaded zerofrom v0.1.8
  Downloaded serde_with_macros v3.24.0
  Downloaded jsonptr v0.7.1
  Downloaded icu_provider v2.3.1
  Downloaded zerofrom-derive v0.1.8
  Downloaded zcheapstr v1.1.0
  Downloaded smallvec v1.16.2
  Downloaded toml_writer v1.1.2+spec-1.1.0
  Downloaded libappindicator v0.9.0
  Downloaded zbus_macros v5.19.0
  Downloaded uuid v1.26.1
  Downloaded global-hotkey v0.8.0
  Downloaded zvariant_utils v4.2.0
  Downloaded serde_json v1.0.151
  Downloaded webkit2gtk v2.0.2
  Downloaded url v2.5.8
  Downloaded tauri-build v2.7.0
  Downloaded zmij v1.0.23
  Downloaded icu_locale_core v2.3.0
  Downloaded x11-dl v2.21.0
  Downloaded x11 v2.21.0
  Downloaded indexmap v1.9.3
  Downloaded icu_normalizer_data v2.3.0
  Downloaded ico v0.5.0
  Downloaded wayland-backend v0.3.17
  Downloaded zeroize v1.9.0
  Downloaded half v2.7.1
  Downloaded xcap v0.9.8
  Downloaded unicode-segmentation v1.13.3
  Downloaded zune-core v0.5.3
  Downloaded zerovec-derive v0.11.6
  Downloaded tracing-attributes v0.1.31
  Downloaded socket2 v0.6.5
  Downloaded gdk-sys v0.18.2
  Downloaded web_atoms v0.2.6
  Downloaded web-time v1.1.0
  Downloaded toml_datetime v1.1.1+spec-1.1.0
  Downloaded wayland-scanner v0.31.11
  Downloaded tauri-plugin-log v2.10.0
  Downloaded yoke v0.8.3
  Downloaded gdk v0.18.2
  Downloaded xkeysym v0.2.1
  Downloaded serde_with v3.24.0
  Downloaded zvariant v5.15.0
  Downloaded toml v1.1.6+spec-1.1.0
  Downloaded gio-sys v0.18.1
  Downloaded tracing-core v0.1.36
  Downloaded wayland-protocols v0.32.13
  Downloaded zerovec v0.11.8
  Downloaded syn v1.0.109
  Downloaded http v1.5.0
  Downloaded xml-rs v0.8.29
  Downloaded winnow v1.0.4
  Downloaded weezl v0.1.12
  Downloaded zbus v5.19.0
  Downloaded toml_edit v0.20.2
  Downloaded x11rb v0.13.2
  Downloaded zerotrie v0.2.5
  Downloaded syn v3.0.6
  Downloaded zune-jpeg v0.5.15
  Downloaded tao v0.37.1
  Downloaded tower v0.5.3
  Downloaded typenum v1.20.1
  Downloaded rustix v0.38.44
  Downloaded zerocopy v0.8.59
  Downloaded zerocopy-derive v0.8.59
  Downloaded winnow v0.5.40
  Downloaded tauri-utils v2.10.0
  Downloaded rustix v1.1.5
  Downloaded tracing v0.1.44
  Downloaded quick-xml v0.42.0
  Downloaded glib v0.18.5
  Downloaded quick-xml v0.41.0
  Downloaded time v0.3.55
  Downloaded image v0.25.10
  Downloaded x11rb-protocol v0.13.2
  Downloaded regex-automata v0.4.18
  Downloaded gtk v0.18.2
  Downloaded fern v0.7.1
  Downloaded brotli v9.0.0
  Downloaded tokio-util v0.7.19
  Downloaded hyper v1.11.1
  Downloaded futures-util v0.3.34
  Downloaded icu_properties_data v2.3.0
  Downloaded hashbrown v0.17.1
  Downloaded gio v0.18.4
  Downloaded icu_normalizer v2.3.0
  Downloaded itertools v0.13.0
  Downloaded tauri v2.12.0
  Downloaded rustls v0.23.45
  Downloaded khronos_api v3.1.0
  Downloaded jiff v0.2.37
  Downloaded idna v1.1.0
  Downloaded gtk-sys v0.18.2
  Downloaded tokio v1.53.1
  Downloaded regex-syntax v0.8.11
  Downloaded zlib-rs v0.6.8
  Downloaded unicode-width v0.2.2
  Downloaded mio v1.2.3
  Downloaded jiff-core v0.1.1
  Downloaded syn v2.0.119
  Downloaded libc v0.2.189
  Downloaded pxfm v0.1.30
  Downloaded hyper-util v0.1.21
  Downloaded xcb v1.7.1
  Downloaded wry v0.57.0
  Downloaded wayland-client v0.31.15
  Downloaded tiff v0.11.3
  Downloaded rand v0.10.3
  Downloaded indexmap v2.14.2
  Downloaded icu_properties v2.3.0
  Downloaded hashbrown v0.12.3
  Downloaded wayland-server v0.31.14
  Downloaded tower-http v0.6.11
  Downloaded toml v0.8.2
  Downloaded html5ever v0.39.0
  Downloaded keyboard-types v0.8.3
  Downloaded icu_collections v2.3.0
  Downloaded proc-macro2 v1.0.107
  Downloaded libdbus-sys v0.2.7
  Downloaded reqwest v0.13.5
  Downloaded ring v0.17.14
  Downloaded regex v1.13.1
  Downloaded pin-project-lite v0.2.17
  Downloaded toml_edit v0.19.15
  Downloaded toml_edit v0.25.15+spec-1.1.0
  Downloaded tinyvec v1.13.3
  Downloaded glib-sys v0.18.1
  Downloaded tauri-plugin-updater v2.13.1
  Downloaded tar v0.4.46
  Downloaded getrandom v0.3.4
  Downloaded rustls-webpki v0.103.15
  Downloaded png v0.18.1
  Downloaded serialize-to-javascript-impl v0.1.2
  Downloaded serde v1.0.229
  Downloaded nom v8.0.0
  Downloaded glob v0.3.4
  Downloaded tower-layer v0.3.3
  Downloaded iana-time-zone v0.1.65
  Downloaded tauri-macros v2.7.0
  Downloaded target-lexicon v0.13.5
  Downloaded thiserror v1.0.69
  Downloaded tauri-codegen v2.7.0
  Downloaded thiserror-impl v1.0.69
  Downloaded linux-raw-sys v0.4.15
  Downloaded schemars v0.9.0
  Downloaded muda v0.20.0
  Downloaded getrandom v0.2.17
  Downloaded futures-lite v2.6.1
  Downloaded futures-channel v0.3.34
  Downloaded linux-raw-sys v0.9.4
  Downloaded shlex v2.0.1
  Downloaded soup3-sys v0.5.0
  Downloaded simd-adler32 v0.3.10
  Downloaded signal-hook-registry v1.4.8
  Downloaded sha2 v0.10.9
  Downloaded servo_arc v0.4.3
  Downloaded serde_derive_internals v0.29.1
  Downloaded semver v1.0.28
  Downloaded pipewire v0.10.1
  Downloaded shlex v1.3.0
  Downloaded khronos-egl v6.0.0
  Downloaded javascriptcore-rs v1.1.2
  Downloaded infer v0.22.0
  Downloaded idna_adapter v1.2.2
  Downloaded futures-executor v0.3.34
  Downloaded rustc-hash v2.1.3
  Downloaded serde_spanned v0.6.9
  Downloaded ref-cast v1.0.27
  Downloaded gdk-pixbuf v0.18.5
  Downloaded ref-cast-impl v1.0.27
  Downloaded gl_generator v0.14.0
  Downloaded proc-macro-error-attr v1.0.4
  Downloaded proc-macro-crate v3.5.0
  Downloaded chrono v0.4.45
  Downloaded bindgen v0.72.1
  Downloaded filetime v0.2.29
  Downloaded phf v0.13.1
  Downloaded ident_case v1.0.1
  Downloaded num-traits v0.2.19
  Downloaded pipewire-sys v0.10.1
  Downloaded hex v0.4.3
  Downloaded aho-corasick v1.1.5
  Downloaded ordered-stream v0.2.0
  Downloaded option-ext v0.2.0
  Downloaded minisign-verify v0.2.5
  Downloaded gtk3-macros v0.18.2
  Downloaded derive_more-impl v2.1.1
  Downloaded dbus v0.9.12
  Downloaded heck v0.4.1
  Downloaded dom_query v0.28.0
  Downloaded linux-raw-sys v0.12.1
  Downloaded cc v1.5.1
  Downloaded base64 v0.23.1
  Downloaded bytes v1.12.1
  Downloaded form_urlencoded v1.2.2
  Downloaded crossbeam-channel v0.5.17
  Downloaded base64 v0.22.1
  Downloaded async-io v2.6.0
  Downloaded darling_core v0.24.1
  Downloaded bitflags v2.13.2
  Downloaded gdkwayland-sys v0.18.2
  Downloaded drm v0.15.0
  Downloaded drm v0.14.1
  Downloaded darling v0.24.1
  Downloaded ctor v1.0.13
  Downloaded cssparser v0.37.0
  Downloaded crc32fast v1.5.2
  Downloaded cookie v0.18.2
  Downloaded clang-sys v1.9.1
  Downloaded chacha20 v0.10.2
  Downloaded cfg-expr v0.20.9
  Downloaded cfg-expr v0.15.8
  Downloaded cexpr v0.6.0
  Downloaded cargo_toml v1.0.1
  Downloaded cargo_metadata v0.19.2
  Downloaded camino v1.2.6
  Downloaded cairo-rs v0.18.5
  Downloaded bytemuck v1.25.2
  Downloaded blocking v1.7.0
  Downloaded bit-vec v0.8.0
  Downloaded async-process v2.5.0
  Downloaded async-lock v3.4.2
  Downloaded libloading v0.7.4
  Downloaded enumflags2 v0.7.12
  Downloaded embed-resource v3.0.11
  Downloaded either v1.18.0
  Downloaded dtoa v1.0.11
  Downloaded drm-ffi v0.9.1
  Downloaded dlopen2 v0.8.2
  Downloaded displaydoc v0.2.7
  Downloaded deranged v0.5.8
  Downloaded defmt-macros v1.1.1
  Downloaded defmt v1.1.1
  Downloaded crossbeam-utils v0.8.23
  Downloaded cookie-factory v0.3.3
  Downloaded bs58 v0.5.1
  Downloaded drm-fourcc v2.2.0
  Downloaded dpi v0.1.2
  Downloaded drm-sys v0.8.1
  Downloaded bit-set v0.8.0
  Downloaded dirs v7.0.0
  Downloaded cargo-platform v0.1.9
  Downloaded fax v0.2.7
  Downloaded equivalent v1.0.2
  Downloaded dtoa-short v0.3.5
  Downloaded downcast-rs v1.2.1
  Downloaded digest v0.10.7
  Downloaded cfg-if v1.0.5
  Downloaded atk v0.18.2
  Downloaded async-task v4.7.1
  Downloaded async-signal v0.2.14
  Downloaded dyn-clone v1.0.20
  Downloaded dlib v0.5.3
  Downloaded darling_macro v0.24.1
  Downloaded crypto-common v0.1.7
  Downloaded atomic-waker v1.1.2
  Downloaded alloc-stdlib v0.3.0
   Compiling unicode-ident v1.0.26
   Compiling proc-macro2 v1.0.107
   Compiling quote v1.0.47
   Compiling serde_core v1.0.229
   Compiling syn v3.0.6
   Compiling libc v0.2.189
   Compiling serde v1.0.229
   Compiling smallvec v1.16.2
   Compiling hashbrown v0.17.1
   Compiling equivalent v1.0.2
   Compiling indexmap v2.14.2
   Compiling pkg-config v0.3.34
   Compiling cfg-if v1.0.5
   Compiling syn v2.0.119
   Compiling serde_derive v1.0.229
   Compiling heck v0.5.0
   Compiling memchr v2.8.3
   Compiling version-compare v0.2.1
   Compiling toml_datetime v0.6.3
   Compiling winnow v0.5.40
   Compiling serde_spanned v0.6.9
   Compiling toml_edit v0.20.2
   Compiling target-lexicon v0.12.16
   Compiling cfg-expr v0.15.8
   Compiling synstructure v0.14.0
   Compiling toml v0.8.2
   Compiling system-deps v6.2.2
   Compiling autocfg v1.5.1
   Compiling zerofrom-derive v0.1.8
   Compiling yoke-derive v0.8.3
   Compiling bitflags v2.13.2
   Compiling zerofrom v0.1.8
   Compiling winnow v1.0.4
   Compiling zerovec-derive v0.11.6
   Compiling displaydoc v0.2.7
   Compiling pin-project-lite v0.2.17
   Compiling toml_parser v1.1.3+spec-1.1.0
   Compiling toml_datetime v1.1.1+spec-1.1.0
   Compiling futures-core v0.3.34
   Compiling writeable v0.6.4
   Compiling find-msvc-tools v0.1.14
   Compiling shlex v2.0.1
   Compiling litemap v0.8.3
   Compiling itoa v1.0.18
   Compiling cc v1.5.1
   Compiling once_cell v1.21.4
   Compiling version_check v0.9.5
   Compiling utf8_iter v1.0.4
   Compiling siphasher v1.0.4
   Compiling phf_shared v0.13.1
   Compiling icu_properties_data v2.3.0
   Compiling icu_normalizer_data v2.3.0
   Compiling toml_writer v1.1.2+spec-1.1.0
   Compiling fastrand v2.5.0
   Compiling phf_generator v0.13.1
   Compiling glib-sys v0.18.1
   Compiling aho-corasick v1.1.5
   Compiling stable_deref_trait v1.2.1
   Compiling glob v0.3.4
   Compiling regex-syntax v0.8.11
   Compiling semver v1.0.28
   Compiling gobject-sys v0.18.0
   Compiling regex-automata v0.4.18
   Compiling serde_spanned v1.1.1
   Compiling bytes v1.12.1
   Compiling toml v1.1.6+spec-1.1.0
   Compiling regex v1.13.1
   Compiling zmij v1.0.23
   Compiling slab v0.4.12
   Compiling yoke v0.8.3
   Compiling thiserror v2.0.21
   Compiling thiserror-impl v2.0.21
   Compiling rustc-hash v2.1.3
   Compiling parking_lot_core v0.9.12
   Compiling zerovec v0.11.8
   Compiling gio-sys v0.18.1
   Compiling http v1.5.0
   Compiling phf_macros v0.13.1
   Compiling log v0.4.34
   Compiling time-core v0.1.9
   Compiling num-conv v0.2.2
   Compiling tinystr v0.8.4
   Compiling phf_codegen v0.13.1
   Compiling futures-macro v0.3.34
   Compiling typeid v1.0.3
   Compiling deranged v0.5.8
   Compiling futures-task v0.3.34
   Compiling strsim v0.11.1
   Compiling powerfmt v0.2.0
   Compiling ident_case v1.0.1
   Compiling darling_core v0.24.1
   Compiling futures-util v0.3.34
   Compiling icu_locale_core v2.3.0
   Compiling potential_utf v0.1.6
   Compiling zerotrie v0.2.5
   Compiling base64 v0.23.1
   Compiling erased-serde v0.4.10
   Compiling rustix v1.1.5
   Compiling icu_provider v2.3.1
   Compiling darling_macro v0.24.1
   Compiling icu_collections v2.3.0
   Compiling proc-macro-error-attr v1.0.4
   Compiling futures-io v0.3.34
   Compiling new_debug_unreachable v1.0.6
   Compiling linux-raw-sys v0.12.1
   Compiling scopeguard v1.2.0
   Compiling web-time v1.1.0
   Compiling fnv v1.0.7
   Compiling syn v1.0.109
   Compiling lock_api v0.4.14
   Compiling darling v0.24.1
   Compiling phf v0.13.1
   Compiling rustc_version v0.4.1
   Compiling string_cache_codegen v0.6.1
   Compiling proc-macro-error v1.0.4
   Compiling futures-channel v0.3.34
   Compiling gdk-sys v0.18.2
   Compiling precomputed-hash v0.1.1
   Compiling getrandom v0.4.3
   Compiling serde_json v1.0.151
   Compiling alloc-no-stdlib v3.0.0
   Compiling alloc-stdlib v0.3.0
   Compiling web_atoms v0.2.6
   Compiling parking_lot v0.12.5
   Compiling serde_with_macros v3.24.0
   Compiling icu_properties v2.3.0
   Compiling icu_normalizer v2.3.0
   Compiling quick-xml v0.42.0
   Compiling anyhow v1.0.104
   Compiling idna_adapter v1.2.2
   Compiling string_cache v0.9.0
   Compiling brotli-decompressor v6.0.1
   Compiling memoffset v0.9.1
   Compiling dunce v1.0.5
   Compiling dtoa v1.0.11
   Compiling same-file v1.0.6
   Compiling thiserror v1.0.69
   Compiling percent-encoding v2.3.2
   Compiling form_urlencoded v1.2.2
   Compiling walkdir v2.5.0
   Compiling dtoa-short v0.3.5
   Compiling brotli v9.0.0
   Compiling uuid v1.26.1
   Compiling idna v1.1.0
   Compiling tendril v0.5.1
   Compiling selectors v0.38.0
   Compiling indexmap v1.9.3
   Compiling pango-sys v0.18.0
   Compiling gdk-pixbuf-sys v0.18.0
   Compiling cairo-sys-rs v0.18.2
   Compiling proc-macro-crate v2.0.2
   Compiling derive_more-impl v2.1.1
   Compiling thiserror-impl v1.0.69
   Compiling cssparser-macros v0.7.1
   Compiling ctor v1.0.13
   Compiling camino v1.2.6
   Compiling heck v0.4.1
   Compiling glib-macros v0.18.5
   Compiling cssparser v0.37.0
   Compiling derive_more v2.1.1
   Compiling markup5ever v0.39.0
   Compiling url v2.5.8
   Compiling futures-executor v0.3.34
   Compiling servo_arc v0.4.3
   Compiling atk-sys v0.18.2
   Compiling serde_derive_internals v0.29.1
   Compiling bit-vec v0.8.0
   Compiling hashbrown v0.12.3
   Compiling schemars v0.8.22
   Compiling schemars_derive v0.8.22
   Compiling bit-set v0.8.0
   Compiling glib v0.18.5
   Compiling html5ever v0.39.0
   Compiling cfb v0.14.0
   Compiling jsonptr v0.7.1
   Compiling time v0.3.55
   Compiling cargo-platform v0.1.9
   Compiling foldhash v0.2.0
   Compiling dyn-clone v1.0.20
   Compiling dom_query v0.28.0
   Compiling plist v1.10.1
   Compiling cargo_metadata v0.19.2
   Compiling serde-untagged v0.1.9
   Compiling json-patch v4.2.0
   Compiling infer v0.22.0
   Compiling urlpattern v0.6.0
   Compiling serde_with v3.24.0
   Compiling crossbeam-utils v0.8.23
   Compiling gtk-sys v0.18.2
   Compiling gio v0.18.4
   Compiling tauri-utils v2.10.0
   Compiling libloading v0.8.9
   Compiling simd-adler32 v0.3.10
   Compiling option-ext v0.2.0
   Compiling adler2 v2.0.1
   Compiling crc32fast v1.5.2
   Compiling dirs-sys v0.5.0
   Compiling dirs v7.0.0
   Compiling miniz_oxide v0.9.1
   Compiling flate2 v1.1.10
   Compiling miniz_oxide v0.8.9
   Compiling pango v0.18.3
   Compiling gdk-pixbuf v0.18.5
   Compiling fdeflate v0.3.7
   Compiling cairo-rs v0.18.5
   Compiling field-offset v0.3.6
   Compiling toml_edit v0.19.15
   Compiling gdk v0.18.2
   Compiling proc-macro-crate v1.3.1
   Compiling embed-resource v3.0.11
   Compiling gtk v0.18.2
   Compiling bitflags v1.3.2
   Compiling tauri-winres v0.3.6
   Compiling gtk3-macros v0.18.2
   Compiling atk v0.18.2
   Compiling cargo_toml v1.0.1
   Compiling mio v1.2.3
   Compiling socket2 v0.6.5
   Compiling target-lexicon v0.13.5
   Compiling parking v2.2.1
   Compiling tokio v1.53.1
   Compiling tauri-build v2.7.0
   Compiling clang-sys v1.9.1
   Compiling generic-array v0.14.7
   Compiling javascriptcore-rs-sys v1.1.1
   Compiling soup3-sys v0.5.0
   Compiling tauri-plugin v2.7.0
   Compiling time-macros v0.2.32
   Compiling webkit2gtk-sys v2.0.2
   Compiling x11 v2.21.0
   Compiling minimal-lexical v0.2.1
   Compiling num_threads v0.1.7
   Compiling typenum v1.20.1
   Compiling nom v7.1.3
   Compiling cfg-expr v0.20.9
   Compiling tauri v2.12.0
   Compiling dpi v0.1.2
   Compiling gdkx11-sys v0.18.2
   Compiling bindgen v0.72.1
   Compiling either v1.18.0
   Compiling unicode-width v0.2.2
   Compiling anstyle v1.0.14
   Compiling annotate-snippets v0.11.5
   Compiling itertools v0.13.0
   Compiling system-deps v7.0.8
   Compiling cexpr v0.6.0
   Compiling png v0.18.1
   Compiling crossbeam-channel v0.5.17
   Compiling cookie v0.18.2
   Compiling toml_edit v0.25.15+spec-1.1.0
   Compiling enumflags2_derive v0.7.12
   Compiling quick-xml v0.41.0
   Compiling libdbus-sys v0.2.7
   Compiling x11-dl v2.21.0
   Compiling atomic-waker v1.1.2
   Compiling shlex v1.3.0
   Compiling proc-macro-crate v3.5.0
   Compiling soup3 v0.5.0
   Compiling javascriptcore-rs v1.1.2
   Compiling block-buffer v0.10.4
   Compiling crypto-common v0.1.7
   Compiling event-listener v5.4.2
   Compiling concurrent-queue v2.5.0
   Compiling ring v0.17.14
   Compiling tracing-core v0.1.36
   Compiling zvariant_utils v4.2.0
   Compiling tracing-attributes v0.1.31
   Compiling wayland-sys v0.31.11
   Compiling raw-window-handle v0.6.2
   Compiling zvariant_derive v5.15.0
   Compiling tracing v0.1.44
   Compiling event-listener-strategy v0.5.4
   Compiling digest v0.10.7
   Compiling webkit2gtk v2.0.2
   Compiling futures-lite v2.6.1
   Compiling png v0.17.16
   Compiling dlib v0.5.3
   Compiling wayland-backend v0.3.17
   Compiling dlopen2_derive v0.4.3
   Compiling libloading v0.7.4
   Compiling cpufeatures v0.2.17
   Compiling zeroize v1.9.0
   Compiling tauri-runtime v2.12.0
   Compiling byteorder v1.5.0
   Compiling muda v0.20.0
   Compiling endi v1.1.1
   Compiling wry v0.57.0
   Compiling ico v0.5.0
   Compiling rustls-pki-types v1.15.1
   Compiling sha2 v0.10.9
   Compiling libappindicator-sys v0.9.0
   Compiling dlopen2 v0.8.2
   Compiling dbus v0.9.12
   Compiling libspa-sys v0.10.1
   Compiling gdkx11 v0.18.2
   Compiling gdkwayland-sys v0.18.2
   Compiling keyboard-types v0.8.3
   Compiling async-io v2.6.0
   Compiling bytemuck_derive v1.12.1
   Compiling serde_repr v0.1.21
   Compiling getrandom v0.2.17
   Compiling downcast-rs v1.2.1
   Compiling khronos_api v3.1.0
   Compiling tauri-runtime-wry v2.12.0
   Compiling getrandom v0.3.4
   Compiling scoped-tls v1.0.1
   Compiling tray-icon v0.25.1
   Compiling untrusted v0.9.0
   Compiling base64 v0.22.1
   Compiling drm-sys v0.8.1
   Compiling tauri-codegen v2.7.0
   Compiling bytemuck v1.25.2
   Compiling tao v0.37.1
   Compiling libappindicator v0.9.0
   Compiling wayland-scanner v0.31.11
   Compiling enumflags2 v0.7.12
   Compiling polling v3.11.0
   Compiling http-body v1.1.0
   Compiling num-traits v0.2.19
   Compiling serialize-to-javascript-impl v0.1.2
   Compiling zcheapstr v1.1.0
   Compiling errno v0.3.14
   Compiling async-task v4.7.1
   Compiling rustls v0.23.45
   Compiling linux-raw-sys v0.9.4
   Compiling drm-fourcc v2.2.0
   Compiling httparse v1.10.1
   Compiling signal-hook-registry v1.4.8
   Compiling serialize-to-javascript v0.1.2
   Compiling zvariant v5.15.0
   Compiling tauri-macros v2.7.0
   Compiling rustls-webpki v0.103.15
   Compiling async-channel v2.5.0
   Compiling wayland-client v0.31.15
   Compiling xml-rs v0.8.29
   Compiling rand_core v0.10.1
   Compiling tower-service v0.3.3
   Compiling rustix v0.38.44
   Compiling subtle v2.6.1
   Compiling mime v0.3.17
   Compiling try-lock v0.2.5
   Compiling want v0.3.1
   Compiling gl_generator v0.14.0
   Compiling zbus_names v4.3.4
   Compiling async-signal v0.2.14
   Compiling drm-ffi v0.9.1
   Compiling async-lock v3.4.2
   Compiling piper v0.2.5
   Compiling pxfm v0.1.30
   Compiling gbm-sys v0.4.0
   Compiling linux-raw-sys v0.4.15
   Compiling moxcms v0.8.1
   Compiling async-process v2.5.0
   Compiling blocking v1.7.0
   Compiling hyper v1.11.1
   Compiling zbus_macros v5.19.0
   Compiling gl v0.14.0
   Compiling async-executor v1.14.0
   Compiling async-broadcast v0.7.2
   Compiling pipewire-sys v0.10.1
   Compiling libspa v0.10.1
   Compiling gethostname v1.1.0
   Compiling sync_wrapper v1.0.2
   Compiling ordered-stream v0.2.0
   Compiling async-recursion v1.1.1
   Compiling async-trait v0.1.92
   Compiling khronos-egl v6.0.0
   Compiling byteorder-lite v0.1.0
   Compiling ipnet v2.12.2
   Compiling openssl-probe v0.2.1
   Compiling x11rb-protocol v0.13.2
   Compiling tower-layer v0.3.3
   Compiling hex v0.4.3
   Compiling zbus v5.19.0
   Compiling x11rb v0.13.2
   Compiling tower v0.5.3
   Compiling rustls-native-certs v0.8.4
   Compiling hyper-util v0.1.21
   Compiling image v0.25.10
   Compiling wayland-protocols v0.32.13
   Compiling drm v0.14.1
   Compiling tokio-rustls v0.26.6
   Compiling wayland-server v0.31.14
   Compiling xcb v1.7.1
   Compiling tauri-plugin-opener v2.7.0
   Compiling tauri-plugin-log v2.10.0
   Compiling tauri-plugin-global-shortcut v2.4.0
   Compiling tauri-plugin-updater v2.13.1
   Compiling is-docker v0.2.0
   Compiling nom v8.0.0
   Compiling futures-sink v0.3.34
   Compiling unicode-segmentation v1.13.3
   Compiling cookie-factory v0.3.3
   Compiling keyboard-types v0.7.0
   Compiling tokio-util v0.7.19
   Compiling is-wsl v0.4.0
   Compiling wayland-protocols-wlr v0.3.12
   Compiling gbm v0.18.0
   Compiling hyper-rustls v0.27.10
   Compiling rustls-platform-verifier v0.7.1
   Compiling tower-http v0.6.11
   Compiling drm v0.15.0
   Compiling chacha20 v0.10.2
   Compiling http-body-util v0.1.5
   Compiling xattr v1.6.1
   Compiling filetime v0.2.29
   Compiling memmap2 v0.9.11
   Compiling xcap v0.9.8
   Compiling xkeysym v0.2.1
   Compiling libwayshot-xcap v0.3.3
   Compiling global-hotkey v0.8.0
   Compiling tar v0.4.46
   Compiling reqwest v0.13.5
   Compiling rand v0.10.3
   Compiling pipewire v0.10.1
   Compiling open v5.4.4
   Compiling tempfile v3.27.0
   Compiling glassboard v0.1.0 (/workspace/apps/desktop/src-tauri)
   Compiling fern v0.7.1
   Compiling minisign-verify v0.2.5
   Compiling arboard v3.6.1
   Compiling tauri-plugin-single-instance v2.5.2
error[E0308]: mismatched types
   --> src/commands.rs:219:55
    |
219 | pub(crate) fn get_autostart(app: tauri::AppHandle) -> Result<bool> {
    |               -------------                           ^^^^^^^^^^^^ expected `Result<bool, Error>`, found `()`
    |               |
    |               implicitly returns `()` as its body has no tail or `return` expression
    |
    = note:   expected enum `std::result::Result<bool, error::Error>`
            found unit type `()`

error[E0308]: mismatched types
   --> src/commands.rs:232:70
    |
232 | pub(crate) fn set_autostart(app: tauri::AppHandle, enabled: bool) -> Result<bool> {
    |               -------------                                          ^^^^^^^^^^^^ expected `Result<bool, Error>`, found `()`
    |               |
    |               implicitly returns `()` as its body has no tail or `return` expression
    |
    = note:   expected enum `std::result::Result<bool, error::Error>`
            found unit type `()`

For more information about this error, try `rustc --explain E0308`.
error: could not compile `glassboard` (bin "glassboard" test) due to 2 previous errors
