
> @glassboard/desktop@0.1.1 tauri
> tauri build --debug --no-bundle

        Info Looking up installed tauri packages to check mismatched versions...
     Running beforeBuildCommand `npm run build`

> @glassboard/desktop@0.1.1 build
> vite build

vite v8.3.1 building client environment for production...
transforming...
✓ 4153 modules transformed.
rendering chunks...
computing gzip size...
dist/index.html                   0.46 kB │ gzip:  0.30 kB
dist/assets/index-DG_V2jol.css   36.30 kB │ gzip:  7.04 kB
dist/assets/index-CzA5j0_Z.js   153.45 kB │ gzip: 53.09 kB

✓ built in 898ms
   Compiling tauri v2.12.0
   Compiling tauri-macros v2.7.0
   Compiling tauri-plugin-log v2.10.0
   Compiling tauri-plugin-updater v2.13.1
   Compiling tauri-plugin-global-shortcut v2.4.0
   Compiling tauri-plugin-autostart v2.6.0
   Compiling tauri-plugin-opener v2.7.0
   Compiling glassboard v0.1.1 (/workspace/apps/desktop/src-tauri)
   Compiling tauri-plugin-single-instance v2.5.2
    Finished `dev` profile [unoptimized] target(s) in 11.80s
       Built application at: /target/debug/glassboard
