info: downloading component 'clippy'
info: installing component 'clippy'
info: downloading component 'rustfmt'
info: installing component 'rustfmt'
    Checking libc v0.2.189
    Checking serde_core v1.0.229
    Checking pin-project-lite v0.2.17
    Checking cfg-if v1.0.5
    Checking futures-core v0.3.34
    Checking smallvec v1.16.2
    Checking once_cell v1.21.4
    Checking memchr v2.8.3
    Checking glib-sys v0.18.1
    Checking bitflags v2.13.2
    Checking slab v0.4.12
    Checking gobject-sys v0.18.0
    Checking serde v1.0.229
    Checking gio-sys v0.18.1
    Checking futures-task v0.3.34
    Checking futures-util v0.3.34
    Checking futures-io v0.3.34
    Checking futures-channel v0.3.34
    Checking linux-raw-sys v0.12.1
    Checking zerofrom v0.1.8
    Checking rustix v1.1.5
    Checking stable_deref_trait v1.2.1
    Checking yoke v0.8.3
    Checking thiserror v1.0.69
    Checking memoffset v0.9.1
    Checking futures-executor v0.3.34
    Checking log v0.4.34
    Checking glib v0.18.5
    Checking cairo-sys-rs v0.18.2
    Checking gdk-pixbuf-sys v0.18.0
    Checking pango-sys v0.18.0
    Checking zerovec v0.11.8
    Checking gdk-sys v0.18.2
    Checking itoa v1.0.18
    Checking bytes v1.12.1
    Checking crossbeam-utils v0.8.23
    Checking tinystr v0.8.4
    Checking litemap v0.8.3
    Checking writeable v0.6.4
    Checking gio v0.18.4
    Checking icu_locale_core v2.3.0
    Checking potential_utf v0.1.6
    Checking zerotrie v0.2.5
    Checking percent-encoding v2.3.2
    Checking utf8_iter v1.0.4
    Checking icu_collections v2.3.0
    Checking icu_provider v2.3.1
    Checking atk-sys v0.18.2
    Checking icu_normalizer_data v2.3.0
    Checking icu_properties_data v2.3.0
    Checking icu_properties v2.3.0
    Checking icu_normalizer v2.3.0
    Checking gtk-sys v0.18.2
    Checking cairo-rs v0.18.5
    Checking http v1.5.0
    Checking idna_adapter v1.2.2
    Checking thiserror v2.0.21
    Checking simd-adler32 v0.3.10
    Checking winnow v1.0.4
    Checking idna v1.1.0
    Checking field-offset v0.3.6
    Checking atk v0.18.2
    Checking form_urlencoded v1.2.2
    Checking mio v1.2.3
    Checking socket2 v0.6.5
    Checking adler2 v2.0.1
    Checking tokio v1.53.1
    Checking pango v0.18.3
    Checking gdk-pixbuf v0.18.5
    Checking gdk v0.18.2
    Checking url v2.5.8
    Checking zmij v1.0.23
    Checking parking v2.2.1
    Checking serde_json v1.0.151
    Checking miniz_oxide v0.9.1
    Checking crc32fast v1.5.2
    Checking gtk v0.18.2
    Checking uuid v1.26.1
    Checking time-core v0.1.9
    Checking powerfmt v0.2.0
    Checking num_threads v0.1.7
    Checking num-conv v0.2.2
    Checking deranged v0.5.8
    Checking base64 v0.23.1
    Checking time v0.3.55
    Checking flate2 v1.1.10
    Checking javascriptcore-rs-sys v1.1.1
    Checking soup3-sys v0.5.0
    Checking miniz_oxide v0.8.9
    Checking fdeflate v0.3.7
    Checking dpi v0.1.2
    Checking aho-corasick v1.1.5
    Checking fastrand v2.5.0
    Checking regex-syntax v0.8.11
    Checking bitflags v1.3.2
    Checking alloc-no-stdlib v3.0.0
    Checking scopeguard v1.2.0
    Checking alloc-stdlib v0.3.0
    Checking regex-automata v0.4.18
    Checking png v0.18.1
    Checking x11 v2.21.0
    Checking crossbeam-channel v0.5.17
    Checking typeid v1.0.3
    Checking fnv v1.0.7
    Checking equivalent v1.0.2
    Checking hashbrown v0.17.1
    Checking siphasher v1.0.4
    Checking web-time v1.1.0
    Checking option-ext v0.2.0
    Checking dirs-sys v0.5.0
    Checking cfb v0.14.0
    Checking phf_shared v0.13.1
    Checking indexmap v2.14.2
    Checking erased-serde v0.4.10
    Checking gdkx11-sys v0.18.2
    Checking regex v1.13.1
    Checking brotli-decompressor v6.0.1
    Checking lock_api v0.4.14
    Checking javascriptcore-rs v1.1.2
    Checking webkit2gtk-sys v2.0.2
    Checking soup3 v0.5.0
    Checking jsonptr v0.7.1
    Checking toml_parser v1.1.3+spec-1.1.0
    Checking parking_lot_core v0.9.12
    Checking toml_datetime v1.1.1+spec-1.1.0
    Checking serde_spanned v1.1.1
    Checking quick-xml v0.42.0
    Checking toml_writer v1.1.2+spec-1.1.0
    Checking atomic-waker v1.1.2
    Checking same-file v1.0.6
    Checking raw-window-handle v0.6.2
    Checking walkdir v2.5.0
    Checking toml v1.1.6+spec-1.1.0
    Checking plist v1.10.1
    Checking parking_lot v0.12.5
    Checking json-patch v4.2.0
    Checking webkit2gtk v2.0.2
    Checking brotli v9.0.0
    Checking urlpattern v0.6.0
    Checking serde-untagged v0.1.9
    Checking cookie v0.18.2
    Checking libdbus-sys v0.2.7
    Checking x11-dl v2.21.0
    Checking phf v0.13.1
    Checking infer v0.22.0
    Checking dirs v7.0.0
    Checking event-listener v5.4.2
    Checking concurrent-queue v2.5.0
    Checking serde_with v3.24.0
    Checking anyhow v1.0.104
    Checking semver v1.0.28
    Checking tracing-core v0.1.36
    Checking libloading v0.8.9
    Checking libloading v0.7.4
    Checking dunce v1.0.5
    Checking unicode-ident v1.0.26
    Checking ctor v1.0.13
    Checking glob v0.3.4
    Checking proc-macro2 v1.0.107
    Checking tauri-utils v2.10.0
    Checking libappindicator-sys v0.9.0
    Checking tracing v0.1.44
    Checking dlopen2 v0.8.2
    Checking dlib v0.5.3
    Checking event-listener-strategy v0.5.4
    Checking dbus v0.9.12
    Checking gdkx11 v0.18.2
    Checking futures-lite v2.6.1
    Checking gdkwayland-sys v0.18.2
    Checking keyboard-types v0.8.3
    Checking zeroize v1.9.0
    Checking rustls-pki-types v1.15.1
    Checking tauri-runtime v2.12.0
    Checking muda v0.20.0
    Checking tao v0.37.1
    Checking wry v0.57.0
    Checking wayland-sys v0.31.11
    Checking libappindicator v0.9.0
    Checking quote v1.0.47
    Checking getrandom v0.2.17
    Checking untrusted v0.9.0
    Checking downcast-rs v1.2.1
    Checking scoped-tls v1.0.1
    Checking ring v0.17.14
    Checking wayland-backend v0.3.17
    Checking syn v3.0.6
    Checking bytemuck v1.25.2
    Checking serialize-to-javascript v0.1.2
    Checking tray-icon v0.25.1
    Checking tauri-runtime-wry v2.12.0
    Checking getrandom v0.3.4
    Checking http-body v1.1.0
    Checking polling v3.11.0
    Checking errno v0.3.14
    Checking heck v0.5.0
    Checking mime v0.3.17
    Checking linux-raw-sys v0.9.4
    Checking async-task v4.7.1
    Checking zvariant_utils v4.2.0
    Checking drm-sys v0.8.1
    Checking tauri v2.12.0
    Checking signal-hook-registry v1.4.8
    Checking async-io v2.6.0
    Checking rustls-webpki v0.103.15
    Checking async-channel v2.5.0
    Checking enumflags2 v0.7.12
    Checking zcheapstr v1.1.0
    Checking try-lock v0.2.5
    Checking tower-service v0.3.3
    Checking rand_core v0.10.1
    Checking subtle v2.6.1
    Checking endi v1.1.1
    Checking zvariant v5.15.0
    Checking rustls v0.23.45
    Checking want v0.3.1
    Checking async-signal v0.2.14
    Checking num-traits v0.2.19
    Checking drm-fourcc v2.2.0
    Checking httparse v1.10.1
    Checking drm-ffi v0.9.1
    Checking async-lock v3.4.2
    Checking piper v0.2.5
    Checking linux-raw-sys v0.4.15
    Checking pxfm v0.1.30
    Checking rustix v0.38.44
    Checking async-process v2.5.0
    Checking moxcms v0.8.1
    Checking blocking v1.7.0
    Checking hyper v1.11.1
    Checking zbus_names v4.3.4
    Checking wayland-client v0.31.15
    Checking getrandom v0.4.3
    Checking async-executor v1.14.0
    Checking libspa-sys v0.10.1
    Checking async-broadcast v0.7.2
    Checking gethostname v1.1.0
    Checking ordered-stream v0.2.0
    Checking sync_wrapper v1.0.2
    Checking hex v0.4.3
    Checking byteorder-lite v0.1.0
    Checking openssl-probe v0.2.1
    Checking tower-layer v0.3.3
    Checking x11rb-protocol v0.13.2
    Checking ipnet v2.12.2
    Checking hyper-util v0.1.21
    Checking tower v0.5.3
    Checking image v0.25.10
    Checking rustls-native-certs v0.8.4
    Checking zbus v5.19.0
    Checking x11rb v0.13.2
    Checking wayland-protocols v0.32.13
    Checking gbm-sys v0.4.0
    Checking drm v0.14.1
    Checking tokio-rustls v0.26.6
    Checking wayland-server v0.31.14
    Checking nom v8.0.0
    Checking is-docker v0.2.0
    Checking dirs-sys v0.3.7
    Checking cookie-factory v0.3.3
    Checking futures-sink v0.3.34
    Checking unicode-segmentation v1.13.3
    Checking keyboard-types v0.7.0
    Checking tokio-util v0.7.19
    Checking libspa v0.10.1
    Checking dirs v4.0.0
    Checking is-wsl v0.4.0
    Checking gbm v0.18.0
    Checking hyper-rustls v0.27.10
    Checking wayland-protocols-wlr v0.3.12
    Checking gl v0.14.0
    Checking pipewire-sys v0.10.1
    Checking khronos-egl v6.0.0
    Checking rustls-platform-verifier v0.7.1
    Checking tower-http v0.6.11
    Checking drm v0.15.0
    Checking chacha20 v0.10.2
    Checking http-body-util v0.1.5
    Checking xattr v1.6.1
    Checking filetime v0.2.29
    Checking memmap2 v0.9.11
    Checking xkeysym v0.2.1
    Checking libwayshot-xcap v0.3.3
    Checking global-hotkey v0.8.0
    Checking tar v0.4.46
    Checking reqwest v0.13.5
    Checking rand v0.10.3
    Checking pipewire v0.10.1
    Checking xcb v1.7.1
    Checking open v5.4.4
    Checking auto-launch v0.5.0
    Checking tempfile v3.27.0
   Compiling glassboard v0.1.1 (/workspace/apps/desktop/src-tauri)
    Checking fern v0.7.1
    Checking base64 v0.22.1
    Checking minisign-verify v0.2.5
    Checking tauri-plugin-log v2.10.0
    Checking tauri-plugin-updater v2.13.1
    Checking xcap v0.9.8
    Checking tauri-plugin-autostart v2.6.0
    Checking tauri-plugin-opener v2.7.0
    Checking tauri-plugin-global-shortcut v2.4.0
    Checking tauri-plugin-single-instance v2.5.2
    Checking arboard v3.6.1
    Finished `dev` profile [unoptimized] target(s) in 28.43s
npm warn Unknown cli config "--debug". This will stop working in the next major version of npm.
npm warn Unknown cli config "--bundle". This will stop working in the next major version of npm.

> desktop
> npm --workspace apps/desktop run -- tauri build

npm warn Unknown env config "debug". This will stop working in the next major version of npm. See `npm help npmrc` for supported config options.

> @glassboard/desktop@0.1.1 tauri
> tauri build

        Info Looking up installed tauri packages to check mismatched versions...
     Running beforeBuildCommand `npm run build`
npm warn Unknown env config "debug". This will stop working in the next major version of npm. See `npm help npmrc` for supported config options.

> @glassboard/desktop@0.1.1 build
> vite build

vite v8.3.1 building client environment for production...
transforming...
✓ 4153 modules transformed.
rendering chunks...
computing gzip size...
dist/index.html                   0.46 kB │ gzip:  0.30 kB
dist/assets/index-DG_V2jol.css   36.30 kB │ gzip:  7.04 kB
dist/assets/index-CzA5j0_Z.js   153.45 kB │ gzip: 53.09 kB

✓ built in 826ms
   Compiling quote v1.0.47
   Compiling proc-macro2 v1.0.107
   Compiling unicode-ident v1.0.26
   Compiling serde_core v1.0.229
   Compiling syn v3.0.6
   Compiling libc v0.2.189
   Compiling serde v1.0.229
   Compiling smallvec v1.16.2
   Compiling equivalent v1.0.2
   Compiling hashbrown v0.17.1
   Compiling indexmap v2.14.2
   Compiling pkg-config v0.3.34
   Compiling syn v2.0.119
   Compiling serde_derive v1.0.229
   Compiling heck v0.5.0
   Compiling version-compare v0.2.1
   Compiling toml_datetime v0.6.3
   Compiling winnow v0.5.40
   Compiling serde_spanned v0.6.9
   Compiling toml_edit v0.20.2
   Compiling target-lexicon v0.12.16
   Compiling cfg-expr v0.15.8
   Compiling synstructure v0.14.0
   Compiling toml v0.8.2
   Compiling system-deps v6.2.2
   Compiling zerofrom-derive v0.1.8
   Compiling autocfg v1.5.1
   Compiling memchr v2.8.3
   Compiling yoke-derive v0.8.3
   Compiling bitflags v2.13.2
   Compiling zerovec-derive v0.11.6
   Compiling cfg-if v1.0.5
   Compiling displaydoc v0.2.7
   Compiling pin-project-lite v0.2.17
   Compiling winnow v1.0.4
   Compiling toml_datetime v1.1.1+spec-1.1.0
   Compiling find-msvc-tools v0.1.14
   Compiling toml_parser v1.1.3+spec-1.1.0
   Compiling futures-core v0.3.34
   Compiling shlex v2.0.1
   Compiling cc v1.5.1
   Compiling icu_properties_data v2.3.0
   Compiling icu_normalizer_data v2.3.0
   Compiling siphasher v1.0.4
   Compiling phf_shared v0.13.1
   Compiling version_check v0.9.5
   Compiling once_cell v1.21.4
   Compiling fastrand v2.5.0
   Compiling phf_generator v0.13.1
   Compiling stable_deref_trait v1.2.1
   Compiling semver v1.0.28
   Compiling zmij v1.0.23
   Compiling glib-sys v0.18.1
   Compiling serde_spanned v1.1.1
   Compiling toml_writer v1.1.2+spec-1.1.0
   Compiling thiserror v2.0.21
   Compiling toml v1.1.6+spec-1.1.0
   Compiling zerofrom v0.1.8
   Compiling glob v0.3.4
   Compiling yoke v0.8.3
   Compiling aho-corasick v1.1.5
   Compiling gobject-sys v0.18.0
   Compiling thiserror-impl v2.0.21
   Compiling regex-syntax v0.8.11
   Compiling parking_lot_core v0.9.12
   Compiling rustc-hash v2.1.3
   Compiling slab v0.4.12
   Compiling regex-automata v0.4.18
   Compiling zerovec v0.11.8
   Compiling phf_macros v0.13.1
   Compiling regex v1.13.1
   Compiling typeid v1.0.3
   Compiling gio-sys v0.18.1
   Compiling log v0.4.34
   Compiling num-conv v0.2.2
   Compiling time-core v0.1.9
   Compiling tinystr v0.8.4
   Compiling phf_codegen v0.13.1
   Compiling erased-serde v0.4.10
   Compiling writeable v0.6.4
   Compiling strsim v0.11.1
   Compiling ident_case v1.0.1
   Compiling itoa v1.0.18
   Compiling litemap v0.8.3
   Compiling darling_core v0.24.1
   Compiling icu_locale_core v2.3.0
   Compiling potential_utf v0.1.6
   Compiling zerotrie v0.2.5
   Compiling utf8_iter v1.0.4
   Compiling icu_collections v2.3.0
   Compiling icu_provider v2.3.1
   Compiling darling_macro v0.24.1
   Compiling futures-macro v0.3.34
   Compiling anyhow v1.0.104
   Compiling new_debug_unreachable v1.0.6
   Compiling futures-task v0.3.34
   Compiling scopeguard v1.2.0
   Compiling lock_api v0.4.14
   Compiling futures-util v0.3.34
   Compiling darling v0.24.1
   Compiling phf v0.13.1
   Compiling string_cache_codegen v0.6.1
   Compiling precomputed-hash v0.1.1
   Compiling serde_json v1.0.151
   Compiling getrandom v0.4.3
   Compiling web_atoms v0.2.6
   Compiling serde_with_macros v3.24.0
   Compiling parking_lot v0.12.5
   Compiling icu_normalizer v2.3.0
   Compiling icu_properties v2.3.0
   Compiling rustc_version v0.4.1
   Compiling proc-macro-error-attr v1.0.4
   Compiling syn v1.0.109
   Compiling rustix v1.1.5
   Compiling futures-io v0.3.34
   Compiling idna_adapter v1.2.2
   Compiling string_cache v0.9.0
   Compiling proc-macro-error v1.0.4
   Compiling futures-channel v0.3.34
   Compiling gdk-sys v0.18.2
   Compiling percent-encoding v2.3.2
   Compiling dtoa v1.0.11
   Compiling linux-raw-sys v0.12.1
   Compiling dtoa-short v0.3.5
   Compiling form_urlencoded v1.2.2
   Compiling uuid v1.26.1
   Compiling idna v1.1.0
   Compiling tendril v0.5.1
   Compiling selectors v0.38.0
   Compiling indexmap v1.9.3
   Compiling derive_more-impl v2.1.1
   Compiling cssparser-macros v0.7.1
   Compiling thiserror v1.0.69
   Compiling camino v1.2.6
   Compiling alloc-no-stdlib v3.0.0
   Compiling alloc-stdlib v0.3.0
   Compiling cssparser v0.37.0
   Compiling derive_more v2.1.1
   Compiling markup5ever v0.39.0
   Compiling url v2.5.8
   Compiling servo_arc v0.4.3
   Compiling memoffset v0.9.1
   Compiling thiserror-impl v1.0.69
   Compiling serde_derive_internals v0.29.1
   Compiling powerfmt v0.2.0
   Compiling fnv v1.0.7
   Compiling web-time v1.1.0
   Compiling schemars v0.8.22
   Compiling deranged v0.5.8
   Compiling hashbrown v0.12.3
   Compiling bit-vec v0.8.0
   Compiling bit-set v0.8.0
   Compiling time v0.3.55
   Compiling cfb v0.14.0
   Compiling schemars_derive v0.8.22
   Compiling html5ever v0.39.0
   Compiling brotli-decompressor v6.0.1
   Compiling jsonptr v0.7.1
   Compiling quick-xml v0.42.0
   Compiling cairo-sys-rs v0.18.2
   Compiling pango-sys v0.18.0
   Compiling gdk-pixbuf-sys v0.18.0
   Compiling proc-macro-crate v2.0.2
   Compiling cargo-platform v0.1.9
   Compiling same-file v1.0.6
   Compiling dunce v1.0.5
   Compiling bytes v1.12.1
   Compiling foldhash v0.2.0
   Compiling base64 v0.23.1
   Compiling heck v0.4.1
   Compiling dyn-clone v1.0.20
   Compiling glib-macros v0.18.5
   Compiling http v1.5.0
   Compiling plist v1.10.1
   Compiling dom_query v0.28.0
   Compiling walkdir v2.5.0
   Compiling cargo_metadata v0.19.2
   Compiling brotli v9.0.0
   Compiling json-patch v4.2.0
   Compiling serde-untagged v0.1.9
   Compiling infer v0.22.0
   Compiling urlpattern v0.6.0
   Compiling serde_with v3.24.0
   Compiling futures-executor v0.3.34
   Compiling atk-sys v0.18.2
   Compiling ctor v1.0.13
   Compiling tauri-utils v2.10.0
   Compiling glib v0.18.5
   Compiling crc32fast v1.5.2
   Compiling crossbeam-utils v0.8.23
   Compiling gtk-sys v0.18.2
   Compiling gio v0.18.4
   Compiling option-ext v0.2.0
   Compiling dirs-sys v0.5.0
   Compiling gdk-pixbuf v0.18.5
   Compiling pango v0.18.3
   Compiling cairo-rs v0.18.5
   Compiling field-offset v0.3.6
   Compiling embed-resource v3.0.11
   Compiling toml_edit v0.19.15
   Compiling tauri-winres v0.3.6
   Compiling gdk v0.18.2
   Compiling proc-macro-crate v1.3.1
   Compiling dirs v7.0.0
   Compiling cargo_toml v1.0.1
   Compiling gtk v0.18.2
   Compiling simd-adler32 v0.3.10
   Compiling tauri-build v2.7.0
   Compiling gtk3-macros v0.18.2
   Compiling atk v0.18.2
   Compiling tauri-plugin v2.7.0
   Compiling mio v1.2.3
   Compiling socket2 v0.6.5
   Compiling adler2 v2.0.1
   Compiling tokio v1.53.1
   Compiling generic-array v0.14.7
   Compiling soup3-sys v0.5.0
   Compiling javascriptcore-rs-sys v1.1.1
   Compiling target-lexicon v0.13.5
   Compiling parking v2.2.1
   Compiling miniz_oxide v0.9.1
   Compiling tauri v2.12.0
   Compiling time-macros v0.2.32
   Compiling clang-sys v1.9.1
   Compiling webkit2gtk-sys v2.0.2
   Compiling x11 v2.21.0
   Compiling num_threads v0.1.7
   Compiling typenum v1.20.1
   Compiling flate2 v1.1.10
   Compiling miniz_oxide v0.8.9
   Compiling fdeflate v0.3.7
   Compiling dpi v0.1.2
   Compiling gdkx11-sys v0.18.2
   Compiling minimal-lexical v0.2.1
   Compiling bitflags v1.3.2
   Compiling nom v7.1.3
   Compiling png v0.18.1
   Compiling cfg-expr v0.20.9
failed to build app: failed to build app
       Error failed to build app: failed to build app
npm error Lifecycle script `tauri` failed with error:
npm error code 1
npm error path /workspace/apps/desktop
npm error workspace @glassboard/desktop@0.1.1
npm error location /workspace/apps/desktop
npm error command failed
npm error command sh -c tauri build
