
> @glassboard/desktop@0.1.1 tauri
> tauri build --debug --bundles deb,appimage

        Info Looking up installed tauri packages to check mismatched versions...
     Running beforeBuildCommand `npm run build`

> @glassboard/desktop@0.1.1 build
> vite build

vite v8.3.1 building client environment for production...
transforming...
✓ 4153 modules transformed.
rendering chunks...
computing gzip size...
dist/index.html                   0.46 kB │ gzip:  0.30 kB
dist/assets/index-DG_V2jol.css   36.30 kB │ gzip:  7.04 kB
dist/assets/index-B7hj4gG3.js   153.42 kB │ gzip: 53.08 kB

✓ built in 804ms
   Compiling glassboard v0.1.1 (/workspace/apps/desktop/src-tauri)
    Finished `dev` profile [unoptimized] target(s) in 3.94s
       Built application at: /target/debug/glassboard
        Info Patching /target/debug/glassboard with bundle type information: deb
    Bundling Glassboard_0.1.1_arm64.deb (/target/debug/bundle/deb/Glassboard_0.1.1_arm64.deb)
        Info Patching /target/debug/glassboard with bundle type information: appimage
    Bundling Glassboard_0.1.1_aarch64.AppImage (/target/debug/bundle/appimage/Glassboard_0.1.1_aarch64.AppImage)
    Finished 2 bundles at:
        /target/debug/bundle/deb/Glassboard_0.1.1_arm64.deb (12.79 MiB)
        /target/debug/bundle/appimage/Glassboard_0.1.1_aarch64.AppImage (98.79 MiB)

