dbus-daemon[25445]: [session uid=0 pid=25445] Activating service name='ca.desrt.dconf' requested by ':1.0' (uid=0 pid=25467 comm="gsettings set org.gnome.desktop.interface toolkit-")
dbus-daemon[25445]: [session uid=0 pid=25445] Successfully activated service 'ca.desrt.dconf'
dbus-daemon[25445]: [session uid=0 pid=25445] Activating service name='org.a11y.Bus' requested by ':1.2' (uid=0 pid=25499 comm="xfce4-panel --disable-wm-check")
dbus-daemon[25445]: [session uid=0 pid=25445] Successfully activated service 'org.a11y.Bus'
dbus-daemon[25508]: Activating service name='org.a11y.atspi.Registry' requested by ':1.0' (uid=0 pid=25499 comm="xfce4-panel --disable-wm-check")
dbus-daemon[25445]: [session uid=0 pid=25445] Activating service name='org.xfce.Xfconf' requested by ':1.4' (uid=0 pid=25499 comm="xfce4-panel --disable-wm-check")
dbus-daemon[25445]: [session uid=0 pid=25445] Successfully activated service 'org.xfce.Xfconf'
dbus-daemon[25508]: Successfully activated service 'org.a11y.atspi.Registry'
SpiRegistry daemon is running with well-known name - org.a11y.atspi.Registry
PASS startup refusals
/workspace/scripts/linux/smoke.py:134: DeprecationWarning: Atspi.Accessible.get_component_iface is deprecated
  bounds = node.get_component_iface().get_extents(Atspi.CoordType.SCREEN)
CLICK 'Dismiss tutorial' at 791,73 26x26
PASS native welcome and tutorial dismissal
PASS native drawing and pointer interception
PASS undo
TOOLBAR at 268,716 744x200
CLICK 'Clear this display' at 934,861 32x34
FAIL Clear left 2943 drawing pixels

(xfconfd:25515): xfconfd-CRITICAL **: 21:22:23.434: Name org.xfce.Xfconf lost on the message dbus, exiting.
