PRETTY_NAME="Ubuntu 24.04.5 LTS"
NAME="Ubuntu"
VERSION_ID="24.04"
VERSION="24.04.5 LTS (Noble Numbat)"
VERSION_CODENAME=noble
ID=ubuntu
ID_LIKE=debian
HOME_URL="https://www.ubuntu.com/"
SUPPORT_URL="https://help.ubuntu.com/"
BUG_REPORT_URL="https://bugs.launchpad.net/ubuntu/"
PRIVACY_POLICY_URL="https://www.ubuntu.com/legal/terms-and-policies/privacy-policy"
UBUNTU_CODENAME=noble
LOGO=ubuntu-logo
rustc 1.93.0 (254b59607 2026-01-19)
1.0.5
0.2
   Compiling serde_core v1.0.229
   Compiling memchr v2.8.3
   Compiling target-lexicon v0.13.5
   Compiling proc-macro2 v1.0.107
   Compiling glob v0.3.4
   Compiling libc v0.2.189
   Compiling clang-sys v1.9.1
   Compiling quote v1.0.47
   Compiling unicode-ident v1.0.26
   Compiling winnow v1.0.4
   Compiling toml_parser v1.1.3+spec-1.1.0
   Compiling toml_datetime v1.1.1+spec-1.1.0
   Compiling serde_spanned v1.1.1
   Compiling aho-corasick v1.1.5
   Compiling smallvec v1.16.2
   Compiling regex-syntax v0.8.11
   Compiling minimal-lexical v0.2.1
   Compiling toml_writer v1.1.2+spec-1.1.0
   Compiling cfg-if v1.0.5
   Compiling libloading v0.8.9
   Compiling toml v1.1.6+spec-1.1.0
   Compiling regex-automata v0.4.18
   Compiling nom v7.1.3
   Compiling cfg-expr v0.20.9
   Compiling bindgen v0.72.1
   Compiling anstyle v1.0.14
   Compiling heck v0.5.0
   Compiling unicode-width v0.2.2
   Compiling find-msvc-tools v0.1.14
   Compiling either v1.18.0
   Compiling version-compare v0.2.1
   Compiling pkg-config v0.3.34
   Compiling shlex v2.0.1
   Compiling system-deps v7.0.8
   Compiling cc v1.5.1
   Compiling itertools v0.13.0
   Compiling annotate-snippets v0.11.5
   Compiling syn v2.0.119
   Compiling regex v1.13.1
   Compiling cexpr v0.6.0
   Compiling bitflags v2.13.2
   Compiling rustc-hash v2.1.3
   Compiling shlex v1.3.0
   Compiling rustix v1.1.5
   Compiling libspa v0.10.1
    Checking linux-raw-sys v0.12.1
   Compiling libspa-sys v0.10.1
    Checking nom v8.0.0
    Checking cookie-factory v0.3.3
    Finished `dev` profile [unoptimized + debuginfo] target(s) in 10.12s
