PRETTY_NAME="Ubuntu 24.04.5 LTS"
NAME="Ubuntu"
VERSION_ID="24.04"
VERSION="24.04.5 LTS (Noble Numbat)"
VERSION_CODENAME=noble
ID=ubuntu
ID_LIKE=debian
HOME_URL="https://www.ubuntu.com/"
SUPPORT_URL="https://help.ubuntu.com/"
BUG_REPORT_URL="https://bugs.launchpad.net/ubuntu/"
PRIVACY_POLICY_URL="https://www.ubuntu.com/legal/terms-and-policies/privacy-policy"
UBUNTU_CODENAME=noble
LOGO=ubuntu-logo
v24.21.0
rustc 1.93.0 (254b59607 2026-01-19)
1.0.5
npm warn deprecated whatwg-encoding@3.1.1: Use @exodus/bytes instead for a more spec-conformant and faster implementation

added 369 packages, and audited 373 packages in 4s

105 packages are looking for funding
  run `npm fund` for details

2 high severity vulnerabilities

To address all issues, run:
  npm audit fix

Run `npm audit` for details.

> @glassboard/desktop@0.1.1 check
> svelte-check --tsconfig ./tsconfig.json

Loading svelte-check in workspace: /workspace/apps/desktop
Getting Svelte diagnostics...

svelte-check found 0 errors and 0 warnings

> @glassboard/desktop@0.1.1 test
> vitest run


[1m[30m[46m RUN [49m[39m[22m [36mv4.1.11 [39m[90m/workspace/apps/desktop[39m

 [32m✓[39m src/lib/updates.test.ts [2m([22m[2m15 tests[22m[2m)[22m[32m 3[2mms[22m[39m
 [32m✓[39m src/lib/capture.test.ts [2m([22m[2m7 tests[22m[2m)[22m[32m 20[2mms[22m[39m
 [32m✓[39m src/App.test.ts [2m([22m[2m23 tests[22m[2m)[22m[32m 208[2mms[22m[39m
[90mstderr[2m | src/Settings.svelte.test.ts[2m > [22m[2mrecords, refuses, clears, and resets the global screenshot shortcut
[22m[39mCtrl+Shift+A is already used to toggle Glassboard.

[90mstderr[2m | src/Settings.svelte.test.ts[2m > [22m[2mrecords, refuses, clears, and resets the global screenshot shortcut
[22m[39mCtrl+Alt+X is already used to take a screenshot.

[90mstderr[2m | src/Settings.svelte.test.ts[2m > [22m[2mrecords, refuses, clears, and resets the global screenshot shortcut
[22m[39mCtrl+Alt+X is already used to take a screenshot.

 [32m✓[39m src/Settings.svelte.test.ts [2m([22m[2m14 tests[22m[2m)[22m[33m 551[2mms[22m[39m

[2m Test Files [22m [1m[32m4 passed[39m[22m[90m (4)[39m
[2m      Tests [22m [1m[32m59 passed[39m[22m[90m (59)[39m
[2m   Start at [22m 22:14:12
[2m   Duration [22m 7.18s[2m (transform 11.15s, setup 29ms, import 13.02s, tests 783ms, environment 390ms)[22m


> @glassboard/desktop@0.1.1 build
> vite build

vite v8.3.1 building client environment for production...
transforming...
✓ 4153 modules transformed.
rendering chunks...
computing gzip size...
dist/index.html                   0.46 kB │ gzip:  0.30 kB
dist/assets/index-DG_V2jol.css   36.30 kB │ gzip:  7.04 kB
dist/assets/index-B7hj4gG3.js   153.42 kB │ gzip: 53.08 kB

✓ built in 873ms
   Compiling unicode-ident v1.0.26
   Compiling quote v1.0.47
   Compiling proc-macro2 v1.0.107
   Compiling serde_core v1.0.229
   Compiling syn v3.0.6
   Compiling libc v0.2.189
   Compiling serde v1.0.229
   Compiling smallvec v1.16.2
   Compiling equivalent v1.0.2
   Compiling hashbrown v0.17.1
   Compiling indexmap v2.14.2
   Compiling pkg-config v0.3.34
   Compiling cfg-if v1.0.5
   Compiling syn v2.0.119
   Compiling serde_derive v1.0.229
   Compiling heck v0.5.0
   Compiling memchr v2.8.3
   Compiling version-compare v0.2.1
   Compiling toml_datetime v0.6.3
   Compiling winnow v0.5.40
   Compiling serde_spanned v0.6.9
   Compiling toml_edit v0.20.2
   Compiling target-lexicon v0.12.16
   Compiling cfg-expr v0.15.8
   Compiling synstructure v0.14.0
   Compiling toml v0.8.2
   Compiling system-deps v6.2.2
   Compiling autocfg v1.5.1
   Compiling zerofrom-derive v0.1.8
   Compiling yoke-derive v0.8.3
   Compiling bitflags v2.13.2
   Compiling zerofrom v0.1.8
   Compiling winnow v1.0.4
   Compiling zerovec-derive v0.11.6
   Compiling displaydoc v0.2.7
   Compiling pin-project-lite v0.2.17
   Compiling toml_parser v1.1.3+spec-1.1.0
   Compiling toml_datetime v1.1.1+spec-1.1.0
   Compiling itoa v1.0.18
   Compiling writeable v0.6.4
   Compiling litemap v0.8.3
   Compiling futures-core v0.3.34
   Compiling find-msvc-tools v0.1.14
   Compiling shlex v2.0.1
   Compiling cc v1.5.1
   Compiling siphasher v1.0.4
   Compiling utf8_iter v1.0.4
   Compiling once_cell v1.21.4
   Compiling phf_shared v0.13.1
   Compiling icu_properties_data v2.3.0
   Compiling icu_normalizer_data v2.3.0
   Compiling version_check v0.9.5
   Compiling toml_writer v1.1.2+spec-1.1.0
   Compiling fastrand v2.5.0
   Compiling phf_generator v0.13.1
   Compiling aho-corasick v1.1.5
   Compiling regex-syntax v0.8.11
   Compiling stable_deref_trait v1.2.1
   Compiling glob v0.3.4
   Compiling regex-automata v0.4.18
   Compiling semver v1.0.28
   Compiling glib-sys v0.18.1
   Compiling serde_spanned v1.1.1
   Compiling bytes v1.12.1
   Compiling toml v1.1.6+spec-1.1.0
   Compiling regex v1.13.1
   Compiling zmij v1.0.23
   Compiling yoke v0.8.3
   Compiling gobject-sys v0.18.0
   Compiling thiserror v2.0.21
   Compiling thiserror-impl v2.0.21
   Compiling slab v0.4.12
   Compiling parking_lot_core v0.9.12
   Compiling rustc-hash v2.1.3
   Compiling zerovec v0.11.8
   Compiling http v1.5.0
   Compiling phf_macros v0.13.1
   Compiling gio-sys v0.18.1
   Compiling num-conv v0.2.2
   Compiling log v0.4.34
   Compiling time-core v0.1.9
   Compiling tinystr v0.8.4
   Compiling phf_codegen v0.13.1
   Compiling ident_case v1.0.1
   Compiling strsim v0.11.1
   Compiling typeid v1.0.3
   Compiling powerfmt v0.2.0
   Compiling deranged v0.5.8
   Compiling darling_core v0.24.1
   Compiling icu_locale_core v2.3.0
   Compiling potential_utf v0.1.6
   Compiling zerotrie v0.2.5
   Compiling erased-serde v0.4.10
   Compiling base64 v0.23.1
   Compiling icu_provider v2.3.1
   Compiling icu_collections v2.3.0
   Compiling darling_macro v0.24.1
   Compiling futures-macro v0.3.34
   Compiling scopeguard v1.2.0
   Compiling futures-task v0.3.34
   Compiling fnv v1.0.7
   Compiling new_debug_unreachable v1.0.6
   Compiling web-time v1.1.0
   Compiling lock_api v0.4.14
   Compiling darling v0.24.1
   Compiling phf v0.13.1
   Compiling futures-util v0.3.34
   Compiling string_cache_codegen v0.6.1
   Compiling precomputed-hash v0.1.1
   Compiling alloc-no-stdlib v3.0.0
   Compiling getrandom v0.4.3
   Compiling serde_json v1.0.151
   Compiling alloc-stdlib v0.3.0
   Compiling web_atoms v0.2.6
   Compiling parking_lot v0.12.5
   Compiling serde_with_macros v3.24.0
   Compiling icu_properties v2.3.0
   Compiling icu_normalizer v2.3.0
   Compiling rustc_version v0.4.1
   Compiling proc-macro-error-attr v1.0.4
   Compiling quick-xml v0.42.0
   Compiling futures-io v0.3.34
   Compiling rustix v1.1.5
   Compiling anyhow v1.0.104
   Compiling syn v1.0.109
   Compiling idna_adapter v1.2.2
   Compiling string_cache v0.9.0
   Compiling brotli-decompressor v6.0.1
   Compiling proc-macro-error v1.0.4
   Compiling futures-channel v0.3.34
   Compiling gdk-sys v0.18.2
   Compiling same-file v1.0.6
   Compiling percent-encoding v2.3.2
   Compiling linux-raw-sys v0.12.1
   Compiling dunce v1.0.5
   Compiling dtoa v1.0.11
   Compiling dtoa-short v0.3.5
   Compiling form_urlencoded v1.2.2
   Compiling walkdir v2.5.0
   Compiling brotli v9.0.0
   Compiling uuid v1.26.1
   Compiling idna v1.1.0
   Compiling tendril v0.5.1
   Compiling selectors v0.38.0
   Compiling indexmap v1.9.3
   Compiling derive_more-impl v2.1.1
   Compiling cssparser-macros v0.7.1
   Compiling thiserror v1.0.69
   Compiling camino v1.2.6
   Compiling ctor v1.0.13
   Compiling derive_more v2.1.1
   Compiling cssparser v0.37.0
   Compiling markup5ever v0.39.0
   Compiling url v2.5.8
   Compiling servo_arc v0.4.3
   Compiling memoffset v0.9.1
   Compiling thiserror-impl v1.0.69
   Compiling serde_derive_internals v0.29.1
   Compiling hashbrown v0.12.3
   Compiling bit-vec v0.8.0
   Compiling schemars v0.8.22
   Compiling bit-set v0.8.0
   Compiling schemars_derive v0.8.22
   Compiling html5ever v0.39.0
   Compiling cfb v0.14.0
   Compiling jsonptr v0.7.1
   Compiling time v0.3.55
   Compiling gdk-pixbuf-sys v0.18.0
   Compiling pango-sys v0.18.0
   Compiling cairo-sys-rs v0.18.2
   Compiling proc-macro-crate v2.0.2
   Compiling cargo-platform v0.1.9
   Compiling dyn-clone v1.0.20
   Compiling heck v0.4.1
   Compiling foldhash v0.2.0
   Compiling glib-macros v0.18.5
   Compiling dom_query v0.28.0
   Compiling cargo_metadata v0.19.2
   Compiling plist v1.10.1
   Compiling serde-untagged v0.1.9
   Compiling infer v0.22.0
   Compiling json-patch v4.2.0
   Compiling urlpattern v0.6.0
   Compiling serde_with v3.24.0
   Compiling futures-executor v0.3.34
   Compiling atk-sys v0.18.2
   Compiling tauri-utils v2.10.0
   Compiling glib v0.18.5
   Compiling crossbeam-utils v0.8.23
   Compiling gtk-sys v0.18.2
   Compiling gio v0.18.4
   Compiling option-ext v0.2.0
   Compiling simd-adler32 v0.3.10
   Compiling dirs-sys v0.5.0
   Compiling libloading v0.8.9
   Compiling adler2 v2.0.1
   Compiling crc32fast v1.5.2
   Compiling dirs v7.0.0
   Compiling miniz_oxide v0.9.1
   Compiling flate2 v1.1.10
   Compiling gdk-pixbuf v0.18.5
   Compiling pango v0.18.3
   Compiling miniz_oxide v0.8.9
   Compiling fdeflate v0.3.7
   Compiling cairo-rs v0.18.5
   Compiling field-offset v0.3.6
   Compiling embed-resource v3.0.11
   Compiling toml_edit v0.19.15
   Compiling gdk v0.18.2
   Compiling proc-macro-crate v1.3.1
   Compiling tauri-winres v0.3.6
   Compiling cargo_toml v1.0.1
   Compiling gtk v0.18.2
   Compiling bitflags v1.3.2
   Compiling gtk3-macros v0.18.2
   Compiling tauri-build v2.7.0
   Compiling atk v0.18.2
   Compiling tauri-plugin v2.7.0
   Compiling socket2 v0.6.5
   Compiling mio v1.2.3
   Compiling tokio v1.53.1
   Compiling generic-array v0.14.7
   Compiling javascriptcore-rs-sys v1.1.1
   Compiling soup3-sys v0.5.0
   Compiling target-lexicon v0.13.5
   Compiling parking v2.2.1
   Compiling tauri v2.12.0
   Compiling time-macros v0.2.32
   Compiling clang-sys v1.9.1
   Compiling webkit2gtk-sys v2.0.2
   Compiling x11 v2.21.0
   Compiling typenum v1.20.1
   Compiling num_threads v0.1.7
   Compiling dpi v0.1.2
   Compiling gdkx11-sys v0.18.2
   Compiling minimal-lexical v0.2.1
   Compiling nom v7.1.3
   Compiling cfg-expr v0.20.9
   Compiling png v0.18.1
   Compiling crossbeam-channel v0.5.17
   Compiling cookie v0.18.2
   Compiling x11-dl v2.21.0
   Compiling libdbus-sys v0.2.7
   Compiling either v1.18.0
   Compiling bindgen v0.72.1
   Compiling unicode-width v0.2.2
   Compiling anstyle v1.0.14
   Compiling itertools v0.13.0
   Compiling annotate-snippets v0.11.5
   Compiling system-deps v7.0.8
   Compiling cexpr v0.6.0
   Compiling soup3 v0.5.0
   Compiling javascriptcore-rs v1.1.2
   Compiling crypto-common v0.1.7
   Compiling block-buffer v0.10.4
   Compiling toml_edit v0.25.15+spec-1.1.0
   Compiling quick-xml v0.41.0
   Compiling enumflags2_derive v0.7.12
   Compiling raw-window-handle v0.6.2
   Compiling atomic-waker v1.1.2
   Compiling shlex v1.3.0
   Compiling proc-macro-crate v3.5.0
   Compiling digest v0.10.7
   Compiling webkit2gtk v2.0.2
   Compiling event-listener v5.4.2
   Compiling png v0.17.16
   Compiling concurrent-queue v2.5.0
   Compiling ring v0.17.14
   Compiling tracing-core v0.1.36
   Compiling zvariant_utils v4.2.0
   Compiling tracing-attributes v0.1.31
   Compiling dlopen2_derive v0.4.3
   Compiling libloading v0.7.4
   Compiling wayland-sys v0.31.11
   Compiling cpufeatures v0.2.17
   Compiling byteorder v1.5.0
   Compiling wry v0.57.0
   Compiling tauri-runtime v2.12.0
   Compiling muda v0.20.0
   Compiling ico v0.5.0
   Compiling tracing v0.1.44
   Compiling sha2 v0.10.9
   Compiling libappindicator-sys v0.9.0
   Compiling dlopen2 v0.8.2
   Compiling zvariant_derive v5.15.0
   Compiling event-listener-strategy v0.5.4
   Compiling dbus v0.9.12
   Compiling gdkx11 v0.18.2
   Compiling futures-lite v2.6.1
   Compiling dlib v0.5.3
   Compiling gdkwayland-sys v0.18.2
   Compiling keyboard-types v0.8.3
   Compiling wayland-backend v0.3.17
   Compiling serde_repr v0.1.21
   Compiling getrandom v0.3.4
   Compiling zeroize v1.9.0
   Compiling tray-icon v0.25.1
   Compiling tauri-runtime-wry v2.12.0
   Compiling endi v1.1.1
   Compiling base64 v0.22.1
   Compiling rustls-pki-types v1.15.1
   Compiling tauri-codegen v2.7.0
   Compiling tao v0.37.1
   Compiling libappindicator v0.9.0
   Compiling libspa-sys v0.10.1
   Compiling async-io v2.6.0
   Compiling serialize-to-javascript-impl v0.1.2
   Compiling bytemuck_derive v1.12.1
   Compiling getrandom v0.2.17
   Compiling drm-sys v0.8.1
   Compiling untrusted v0.9.0
   Compiling khronos_api v3.1.0
   Compiling downcast-rs v1.2.1
   Compiling scoped-tls v1.0.1
   Compiling bytemuck v1.25.2
   Compiling serialize-to-javascript v0.1.2
   Compiling tauri-macros v2.7.0
   Compiling wayland-scanner v0.31.11
   Compiling enumflags2 v0.7.12
   Compiling polling v3.11.0
   Compiling http-body v1.1.0
   Compiling num-traits v0.2.19
   Compiling zcheapstr v1.1.0
   Compiling errno v0.3.14
   Compiling linux-raw-sys v0.9.4
   Compiling drm-fourcc v2.2.0
   Compiling rustls v0.23.45
   Compiling mime v0.3.17
   Compiling httparse v1.10.1
   Compiling async-task v4.7.1
   Compiling signal-hook-registry v1.4.8
   Compiling zvariant v5.15.0
   Compiling rustls-webpki v0.103.15
   Compiling async-channel v2.5.0
   Compiling tower-service v0.3.3
   Compiling wayland-client v0.31.15
   Compiling subtle v2.6.1
   Compiling rustix v0.38.44
   Compiling try-lock v0.2.5
   Compiling rand_core v0.10.1
   Compiling xml-rs v0.8.29
   Compiling gl_generator v0.14.0
   Compiling want v0.3.1
   Compiling async-signal v0.2.14
   Compiling zbus_names v4.3.4
   Compiling drm-ffi v0.9.1
   Compiling async-lock v3.4.2
   Compiling piper v0.2.5
   Compiling pxfm v0.1.30
   Compiling linux-raw-sys v0.4.15
   Compiling gbm-sys v0.4.0
   Compiling moxcms v0.8.1
   Compiling blocking v1.7.0
   Compiling async-process v2.5.0
   Compiling hyper v1.11.1
   Compiling zbus_macros v5.19.0
   Compiling gl v0.14.0
   Compiling async-executor v1.14.0
   Compiling async-broadcast v0.7.2
   Compiling pipewire-sys v0.10.1
   Compiling libspa v0.10.1
   Compiling gethostname v1.1.0
   Compiling ordered-stream v0.2.0
   Compiling sync_wrapper v1.0.2
   Compiling async-recursion v1.1.1
   Compiling async-trait v0.1.92
   Compiling khronos-egl v6.0.0
   Compiling openssl-probe v0.2.1
   Compiling hex v0.4.3
   Compiling tower-layer v0.3.3
   Compiling x11rb-protocol v0.13.2
   Compiling byteorder-lite v0.1.0
   Compiling ipnet v2.12.2
   Compiling hyper-util v0.1.21
   Compiling image v0.25.10
   Compiling x11rb v0.13.2
   Compiling zbus v5.19.0
   Compiling tower v0.5.3
   Compiling rustls-native-certs v0.8.4
   Compiling wayland-protocols v0.32.13
   Compiling drm v0.14.1
   Compiling tokio-rustls v0.26.6
   Compiling wayland-server v0.31.14
   Compiling xcb v1.7.1
   Compiling tauri-plugin-autostart v2.6.0
   Compiling tauri-plugin-global-shortcut v2.4.0
   Compiling tauri-plugin-updater v2.13.1
   Compiling tauri-plugin-opener v2.7.0
   Compiling tauri-plugin-log v2.10.0
   Compiling is-docker v0.2.0
   Compiling nom v8.0.0
   Compiling dirs-sys v0.3.7
   Compiling unicode-segmentation v1.13.3
   Compiling cookie-factory v0.3.3
   Compiling futures-sink v0.3.34
   Compiling tokio-util v0.7.19
   Compiling keyboard-types v0.7.0
   Compiling dirs v4.0.0
   Compiling is-wsl v0.4.0
   Compiling gbm v0.18.0
   Compiling hyper-rustls v0.27.10
   Compiling wayland-protocols-wlr v0.3.12
   Compiling rustls-platform-verifier v0.7.1
   Compiling tower-http v0.6.11
   Compiling drm v0.15.0
   Compiling chacha20 v0.10.2
   Compiling http-body-util v0.1.5
   Compiling xattr v1.6.1
   Compiling filetime v0.2.29
   Compiling memmap2 v0.9.11
   Compiling xcap v0.9.8
   Compiling xkeysym v0.2.1
   Compiling libwayshot-xcap v0.3.3
   Compiling global-hotkey v0.8.0
   Compiling tar v0.4.46
   Compiling reqwest v0.13.5
   Compiling rand v0.10.3
   Compiling pipewire v0.10.1
   Compiling open v5.4.4
   Compiling auto-launch v0.5.0
   Compiling tempfile v3.27.0
   Compiling glassboard v0.1.1 (/workspace/apps/desktop/src-tauri)
   Compiling fern v0.7.1
   Compiling minisign-verify v0.2.5
   Compiling tauri-plugin-single-instance v2.5.2
   Compiling arboard v3.6.1
    Finished `test` profile [unoptimized] target(s) in 1m 25s
     Running unittests src/main.rs (/target/debug/deps/glassboard-08ed492c1330f767)

running 55 tests
test capture::image::tests::binary_frame_preserves_dimensions_and_rgba_byte_order ... ok
test capture::image::tests::crop_preserves_pixels_and_includes_the_last_row_and_column ... ok
test capture::image::tests::crop_rejects_regions_larger_than_the_image_limit ... ok
test capture::screen::x11::tests::permits_fractional_scale_truncation_at_negative_origins ... ok
test capture::image::tests::crop_rejects_empty_overflowing_or_outside_regions ... ok
test capture::image::tests::png_decoding_preserves_pixels_and_rejects_garbage ... ok
test capture::screen::x11::tests::refuses_missing_ambiguous_and_invalid_monitor_geometry ... ok
test capture::screen::x11::tests::resolves_scaled_bounds_without_reinterpreting_a_physical_cursor_as_logical ... ok
test capture::tests::copy_requests_need_a_binary_body_and_a_numeric_capture_id ... ok
test commands::tests::actions_keep_their_wire_names ... ok
test commands::tests::global_commands_keep_their_wire_names ... ok
test linux_startup::tests::accepts_x11_and_virtual_displays_without_a_session_type ... ok
test linux_startup::tests::refuses_a_missing_or_empty_display ... ok
test linux_startup::tests::refuses_wayland_even_with_an_xwayland_display ... ok
test preferences::tests::older_preferences_default_to_rainbow_and_keep_color_and_shortcut ... ok
test preference_saves::tests::failed_transaction_keeps_the_previous_pending_preferences ... ok
test preferences::tests::the_capture_shortcut_must_differ_from_the_toggle_shortcut ... ok
test preferences::tests::out_of_range_drawing_preferences_are_rejected ... ok
test session::tests::a_frame_only_attaches_to_the_capture_it_was_taken_for ... ok
test preference_saves::tests::shortcut_save_cannot_be_overwritten_by_an_older_background_snapshot ... ok
test preference_saves::tests::rapid_changes_coalesce_and_flush_preserves_the_latest_selection ... ok
test updates::tests::install_takes_the_download_exactly_once ... ok
test updates::tests::only_a_download_in_progress_becomes_ready ... ok
test updates::tests::a_check_finds_nothing_or_a_version_to_download ... ok
test updates::tests::checks_are_due_daily_or_hourly_after_a_failure ... ok
test updates::tests::only_a_download_in_progress_reports_progress ... ok
test updates::tests::only_idle_and_failed_start_a_check ... ok
test updates::tests::progress_is_a_whole_percent_of_a_known_size ... ok
test updates::tests::only_work_in_progress_can_fail ... ok
test updates::tests::status_serializes_as_the_settings_contract ... ok
test windows::geometry::tests::capture_dock_preserves_native_coordinates_with_scaling_and_negative_origins ... ok
test windows::geometry::tests::centers_the_toolbar_on_each_selected_edge ... ok
test preferences::tests::missing_preferences_load_defaults_without_a_warning ... ok
test windows::geometry::tests::clamps_at_edges_and_handles_negative_monitor_origins_and_scaling ... ok
test windows::geometry::tests::cursor_samples_use_window_css_coordinates_in_every_dock_position ... ok
test windows::geometry::tests::error_panels_expand_inward_without_moving_the_toolbar ... ok
test windows::geometry::tests::handles_scaled_negative_coordinates_and_short_displays ... ok
test windows::geometry::tests::keeps_side_taskbar_and_small_screen_positions_in_the_work_area ... ok
test windows::geometry::tests::opens_below_top_bar_and_above_bottom_taskbar ... ok
test windows::geometry::tests::proximity_includes_a_margin_around_the_window ... ok
test preferences::tests::files_from_before_the_capture_shortcut_take_its_default_unless_toggle_holds_it ... ok
test windows::geometry::tests::tutorial_rounds_fractional_scales_down_on_negative_origins ... ok
test windows::geometry::tests::tutorial_shrinks_to_a_short_display_and_drops_its_top_gap ... ok
test windows::geometry::tests::tutorial_sits_centered_below_the_top_of_the_work_area ... ok
test windows::tests::surfaces_keep_the_labels_and_urls_the_frontend_reads ... ok
test session::tests::transitions_match_the_shared_fixture ... ok
test preferences::tests::toggle_shortcuts_follow_the_shared_grammar ... ok
test preferences::tests::palette_upgrades_apply_only_to_files_saved_before_versions ... ok
test preferences::tests::unreadable_preferences_are_moved_aside_before_defaults_are_saved ... ok
test preferences::tests::saved_preferences_replace_the_file_and_load_back ... ok
test preferences::tests::damaged_preferences_are_backed_up_and_repaired_once ... ok
test preferences::tests::saved_and_sent_preferences_keep_their_exact_json ... ok
test preferences::tests::one_invalid_field_resets_only_that_field ... ok
test preference_saves::tests::background_failure_is_reported_and_flush_retries_it ... ok
test preference_saves::tests::updates_do_not_wait_for_a_slow_disk_write ... ok

test result: ok. 55 passed; 0 failed; 0 ignored; 0 measured; 0 filtered out; finished in 0.13s

    Checking libc v0.2.189
    Checking serde_core v1.0.229
    Checking pin-project-lite v0.2.17
    Checking cfg-if v1.0.5
    Checking futures-core v0.3.34
    Checking smallvec v1.16.2
    Checking once_cell v1.21.4
    Checking memchr v2.8.3
    Checking glib-sys v0.18.1
    Checking bitflags v2.13.2
    Checking slab v0.4.12
    Checking gobject-sys v0.18.0
    Checking serde v1.0.229
    Checking gio-sys v0.18.1
    Checking futures-task v0.3.34
    Checking futures-util v0.3.34
    Checking futures-io v0.3.34
    Checking futures-channel v0.3.34
    Checking linux-raw-sys v0.12.1
    Checking rustix v1.1.5
    Checking zerofrom v0.1.8
    Checking stable_deref_trait v1.2.1
    Checking yoke v0.8.3
    Checking thiserror v1.0.69
    Checking memoffset v0.9.1
    Checking futures-executor v0.3.34
    Checking log v0.4.34
    Checking glib v0.18.5
    Checking pango-sys v0.18.0
    Checking cairo-sys-rs v0.18.2
    Checking gdk-pixbuf-sys v0.18.0
    Checking zerovec v0.11.8
    Checking gdk-sys v0.18.2
    Checking bytes v1.12.1
    Checking itoa v1.0.18
    Checking crossbeam-utils v0.8.23
    Checking tinystr v0.8.4
    Checking litemap v0.8.3
    Checking writeable v0.6.4
    Checking gio v0.18.4
    Checking icu_locale_core v2.3.0
    Checking potential_utf v0.1.6
    Checking zerotrie v0.2.5
    Checking utf8_iter v1.0.4
    Checking percent-encoding v2.3.2
    Checking icu_collections v2.3.0
    Checking icu_provider v2.3.1
    Checking atk-sys v0.18.2
    Checking icu_properties_data v2.3.0
    Checking icu_normalizer_data v2.3.0
    Checking icu_normalizer v2.3.0
    Checking icu_properties v2.3.0
    Checking gtk-sys v0.18.2
    Checking cairo-rs v0.18.5
    Checking http v1.5.0
    Checking idna_adapter v1.2.2
    Checking thiserror v2.0.21
    Checking winnow v1.0.4
    Checking simd-adler32 v0.3.10
    Checking idna v1.1.0
    Checking field-offset v0.3.6
    Checking atk v0.18.2
    Checking form_urlencoded v1.2.2
    Checking socket2 v0.6.5
    Checking mio v1.2.3
    Checking adler2 v2.0.1
    Checking tokio v1.53.1
    Checking gdk-pixbuf v0.18.5
    Checking pango v0.18.3
    Checking gdk v0.18.2
    Checking url v2.5.8
    Checking zmij v1.0.23
    Checking parking v2.2.1
    Checking serde_json v1.0.151
    Checking miniz_oxide v0.9.1
    Checking gtk v0.18.2
    Checking crc32fast v1.5.2
    Checking uuid v1.26.1
    Checking base64 v0.23.1
    Checking num_threads v0.1.7
    Checking powerfmt v0.2.0
    Checking deranged v0.5.8
    Checking num-conv v0.2.2
    Checking time-core v0.1.9
    Checking time v0.3.55
    Checking flate2 v1.1.10
    Checking soup3-sys v0.5.0
    Checking javascriptcore-rs-sys v1.1.1
    Checking miniz_oxide v0.8.9
    Checking fdeflate v0.3.7
    Checking dpi v0.1.2
    Checking aho-corasick v1.1.5
    Checking bitflags v1.3.2
    Checking regex-syntax v0.8.11
    Checking alloc-no-stdlib v3.0.0
    Checking scopeguard v1.2.0
    Checking fastrand v2.5.0
    Checking alloc-stdlib v0.3.0
    Checking regex-automata v0.4.18
    Checking png v0.18.1
    Checking x11 v2.21.0
    Checking crossbeam-channel v0.5.17
    Checking typeid v1.0.3
    Checking equivalent v1.0.2
    Checking web-time v1.1.0
    Checking hashbrown v0.17.1
    Checking option-ext v0.2.0
    Checking fnv v1.0.7
    Checking siphasher v1.0.4
    Checking phf_shared v0.13.1
    Checking cfb v0.14.0
    Checking dirs-sys v0.5.0
    Checking indexmap v2.14.2
    Checking erased-serde v0.4.10
    Checking gdkx11-sys v0.18.2
    Checking regex v1.13.1
    Checking brotli-decompressor v6.0.1
    Checking lock_api v0.4.14
    Checking webkit2gtk-sys v2.0.2
    Checking javascriptcore-rs v1.1.2
    Checking soup3 v0.5.0
    Checking jsonptr v0.7.1
    Checking toml_parser v1.1.3+spec-1.1.0
    Checking parking_lot_core v0.9.12
    Checking serde_spanned v1.1.1
    Checking toml_datetime v1.1.1+spec-1.1.0
    Checking quick-xml v0.42.0
    Checking same-file v1.0.6
    Checking raw-window-handle v0.6.2
    Checking toml_writer v1.1.2+spec-1.1.0
    Checking atomic-waker v1.1.2
    Checking toml v1.1.6+spec-1.1.0
    Checking plist v1.10.1
    Checking walkdir v2.5.0
    Checking webkit2gtk v2.0.2
    Checking parking_lot v0.12.5
    Checking json-patch v4.2.0
    Checking brotli v9.0.0
    Checking urlpattern v0.6.0
    Checking serde-untagged v0.1.9
    Checking cookie v0.18.2
    Checking x11-dl v2.21.0
    Checking libdbus-sys v0.2.7
    Checking dirs v7.0.0
    Checking infer v0.22.0
    Checking phf v0.13.1
    Checking event-listener v5.4.2
    Checking concurrent-queue v2.5.0
    Checking serde_with v3.24.0
    Checking anyhow v1.0.104
    Checking semver v1.0.28
    Checking tracing-core v0.1.36
    Checking libloading v0.8.9
    Checking libloading v0.7.4
    Checking glob v0.3.4
    Checking ctor v1.0.13
    Checking unicode-ident v1.0.26
    Checking dunce v1.0.5
    Checking tauri-utils v2.10.0
    Checking proc-macro2 v1.0.107
    Checking tracing v0.1.44
    Checking dlopen2 v0.8.2
    Checking libappindicator-sys v0.9.0
    Checking dlib v0.5.3
    Checking event-listener-strategy v0.5.4
    Checking dbus v0.9.12
    Checking gdkx11 v0.18.2
    Checking futures-lite v2.6.1
    Checking gdkwayland-sys v0.18.2
    Checking keyboard-types v0.8.3
    Checking zeroize v1.9.0
    Checking rustls-pki-types v1.15.1
    Checking tauri-runtime v2.12.0
    Checking muda v0.20.0
    Checking tao v0.37.1
    Checking wry v0.57.0
    Checking wayland-sys v0.31.11
    Checking libappindicator v0.9.0
    Checking quote v1.0.47
    Checking getrandom v0.2.17
    Checking untrusted v0.9.0
    Checking downcast-rs v1.2.1
    Checking scoped-tls v1.0.1
    Checking ring v0.17.14
    Checking wayland-backend v0.3.17
    Checking bytemuck v1.25.2
    Checking serialize-to-javascript v0.1.2
    Checking syn v3.0.6
    Checking tauri-runtime-wry v2.12.0
    Checking tray-icon v0.25.1
    Checking getrandom v0.3.4
    Checking http-body v1.1.0
    Checking polling v3.11.0
    Checking errno v0.3.14
    Checking async-task v4.7.1
    Checking heck v0.5.0
    Checking linux-raw-sys v0.9.4
    Checking mime v0.3.17
    Checking tauri v2.12.0
    Checking zvariant_utils v4.2.0
    Checking drm-sys v0.8.1
    Checking signal-hook-registry v1.4.8
    Checking async-io v2.6.0
    Checking rustls-webpki v0.103.15
    Checking async-channel v2.5.0
    Checking enumflags2 v0.7.12
    Checking zcheapstr v1.1.0
    Checking rand_core v0.10.1
    Checking try-lock v0.2.5
    Checking subtle v2.6.1
    Checking tower-service v0.3.3
    Checking endi v1.1.1
    Checking zvariant v5.15.0
    Checking rustls v0.23.45
    Checking want v0.3.1
    Checking async-signal v0.2.14
    Checking num-traits v0.2.19
    Checking drm-fourcc v2.2.0
    Checking drm-ffi v0.9.1
    Checking httparse v1.10.1
    Checking async-lock v3.4.2
    Checking piper v0.2.5
    Checking linux-raw-sys v0.4.15
    Checking pxfm v0.1.30
    Checking rustix v0.38.44
    Checking async-process v2.5.0
    Checking moxcms v0.8.1
    Checking blocking v1.7.0
    Checking hyper v1.11.1
    Checking wayland-client v0.31.15
    Checking getrandom v0.4.3
    Checking zbus_names v4.3.4
    Checking async-executor v1.14.0
    Checking libspa-sys v0.10.1
    Checking async-broadcast v0.7.2
    Checking gethostname v1.1.0
    Checking ordered-stream v0.2.0
    Checking sync_wrapper v1.0.2
    Checking ipnet v2.12.2
    Checking openssl-probe v0.2.1
    Checking hex v0.4.3
    Checking byteorder-lite v0.1.0
    Checking x11rb-protocol v0.13.2
    Checking tower-layer v0.3.3
    Checking tower v0.5.3
    Checking image v0.25.10
    Checking zbus v5.19.0
    Checking x11rb v0.13.2
    Checking rustls-native-certs v0.8.4
    Checking hyper-util v0.1.21
    Checking wayland-protocols v0.32.13
    Checking gbm-sys v0.4.0
    Checking drm v0.14.1
    Checking tokio-rustls v0.26.6
    Checking wayland-server v0.31.14
    Checking nom v8.0.0
    Checking is-docker v0.2.0
    Checking dirs-sys v0.3.7
    Checking futures-sink v0.3.34
    Checking unicode-segmentation v1.13.3
    Checking cookie-factory v0.3.3
    Checking keyboard-types v0.7.0
    Checking tokio-util v0.7.19
    Checking libspa v0.10.1
    Checking dirs v4.0.0
    Checking is-wsl v0.4.0
    Checking gbm v0.18.0
    Checking wayland-protocols-wlr v0.3.12
    Checking hyper-rustls v0.27.10
    Checking gl v0.14.0
    Checking pipewire-sys v0.10.1
    Checking khronos-egl v6.0.0
    Checking rustls-platform-verifier v0.7.1
    Checking tower-http v0.6.11
    Checking drm v0.15.0
    Checking chacha20 v0.10.2
    Checking http-body-util v0.1.5
    Checking xattr v1.6.1
    Checking filetime v0.2.29
    Checking memmap2 v0.9.11
    Checking xkeysym v0.2.1
    Checking libwayshot-xcap v0.3.3
    Checking global-hotkey v0.8.0
    Checking tar v0.4.46
    Checking reqwest v0.13.5
    Checking rand v0.10.3
    Checking pipewire v0.10.1
    Checking xcb v1.7.1
    Checking open v5.4.4
    Checking auto-launch v0.5.0
    Checking tempfile v3.27.0
   Compiling glassboard v0.1.1 (/workspace/apps/desktop/src-tauri)
    Checking fern v0.7.1
    Checking base64 v0.22.1
    Checking minisign-verify v0.2.5
    Checking tauri-plugin-log v2.10.0
    Checking tauri-plugin-updater v2.13.1
    Checking xcap v0.9.8
    Checking tauri-plugin-autostart v2.6.0
    Checking tauri-plugin-opener v2.7.0
    Checking tauri-plugin-global-shortcut v2.4.0
    Checking tauri-plugin-single-instance v2.5.2
    Checking arboard v3.6.1
    Finished `dev` profile [unoptimized] target(s) in 29.04s

> @glassboard/desktop@0.1.1 tauri
> tauri build --debug --no-bundle

        Info Looking up installed tauri packages to check mismatched versions...
     Running beforeBuildCommand `npm run build`

> @glassboard/desktop@0.1.1 build
> vite build

vite v8.3.1 building client environment for production...
transforming...
✓ 4153 modules transformed.
rendering chunks...
computing gzip size...
dist/index.html                   0.46 kB │ gzip:  0.30 kB
dist/assets/index-DG_V2jol.css   36.30 kB │ gzip:  7.04 kB
dist/assets/index-B7hj4gG3.js   153.42 kB │ gzip: 53.08 kB

✓ built in 928ms
   Compiling tauri v2.12.0
   Compiling tauri-macros v2.7.0
   Compiling tauri-plugin-global-shortcut v2.4.0
   Compiling tauri-plugin-autostart v2.6.0
   Compiling tauri-plugin-log v2.10.0
   Compiling tauri-plugin-opener v2.7.0
   Compiling tauri-plugin-updater v2.13.1
   Compiling glassboard v0.1.1 (/workspace/apps/desktop/src-tauri)
   Compiling tauri-plugin-single-instance v2.5.2
    Finished `dev` profile [unoptimized] target(s) in 13.58s
       Built application at: /target/debug/glassboard
